Component: ARM Compiler 5.05 update 1 (build 106) Tool: armlink [4d0efa]

==============================================================================

Section Cross References

    stm32f1xx_hal_flash_ex.o(i.FLASH_MassErase) refers to stm32f1xx_hal_flash.o(.bss) for pFlash
    stm32f1xx_hal_flash_ex.o(i.FLASH_OB_DisableWRP) refers to stm32f1xx_hal_flash.o(i.FLASH_WaitForLastOperation) for FLASH_WaitForLastOperation
    stm32f1xx_hal_flash_ex.o(i.FLASH_OB_DisableWRP) refers to stm32f1xx_hal_flash_ex.o(i.HAL_FLASHEx_OBErase) for HAL_FLASHEx_OBErase
    stm32f1xx_hal_flash_ex.o(i.FLASH_OB_DisableWRP) refers to stm32f1xx_hal_flash.o(.bss) for pFlash
    stm32f1xx_hal_flash_ex.o(i.FLASH_OB_EnableWRP) refers to stm32f1xx_hal_flash.o(i.FLASH_WaitForLastOperation) for FLASH_WaitForLastOperation
    stm32f1xx_hal_flash_ex.o(i.FLASH_OB_EnableWRP) refers to stm32f1xx_hal_flash_ex.o(i.HAL_FLASHEx_OBErase) for HAL_FLASHEx_OBErase
    stm32f1xx_hal_flash_ex.o(i.FLASH_OB_EnableWRP) refers to stm32f1xx_hal_flash.o(.bss) for pFlash
    stm32f1xx_hal_flash_ex.o(i.FLASH_OB_RDP_LevelConfig) refers to stm32f1xx_hal_flash.o(i.FLASH_WaitForLastOperation) for FLASH_WaitForLastOperation
    stm32f1xx_hal_flash_ex.o(i.FLASH_OB_RDP_LevelConfig) refers to stm32f1xx_hal_flash.o(.bss) for pFlash
    stm32f1xx_hal_flash_ex.o(i.FLASH_PageErase) refers to stm32f1xx_hal_flash.o(.bss) for pFlash
    stm32f1xx_hal_flash_ex.o(i.HAL_FLASHEx_Erase) refers to stm32f1xx_hal_flash.o(i.FLASH_WaitForLastOperation) for FLASH_WaitForLastOperation
    stm32f1xx_hal_flash_ex.o(i.HAL_FLASHEx_Erase) refers to stm32f1xx_hal_flash_ex.o(i.FLASH_MassErase) for FLASH_MassErase
    stm32f1xx_hal_flash_ex.o(i.HAL_FLASHEx_Erase) refers to stm32f1xx_hal_flash_ex.o(i.FLASH_PageErase) for FLASH_PageErase
    stm32f1xx_hal_flash_ex.o(i.HAL_FLASHEx_Erase) refers to stm32f1xx_hal_flash.o(.bss) for pFlash
    stm32f1xx_hal_flash_ex.o(i.HAL_FLASHEx_Erase_IT) refers to stm32f1xx_hal_flash_ex.o(i.FLASH_PageErase) for FLASH_PageErase
    stm32f1xx_hal_flash_ex.o(i.HAL_FLASHEx_Erase_IT) refers to stm32f1xx_hal_flash_ex.o(i.FLASH_MassErase) for FLASH_MassErase
    stm32f1xx_hal_flash_ex.o(i.HAL_FLASHEx_Erase_IT) refers to stm32f1xx_hal_flash.o(.bss) for pFlash
    stm32f1xx_hal_flash_ex.o(i.HAL_FLASHEx_OBErase) refers to stm32f1xx_hal_flash_ex.o(i.FLASH_OB_GetRDP) for FLASH_OB_GetRDP
    stm32f1xx_hal_flash_ex.o(i.HAL_FLASHEx_OBErase) refers to stm32f1xx_hal_flash.o(i.FLASH_WaitForLastOperation) for FLASH_WaitForLastOperation
    stm32f1xx_hal_flash_ex.o(i.HAL_FLASHEx_OBErase) refers to stm32f1xx_hal_flash_ex.o(i.FLASH_OB_RDP_LevelConfig) for FLASH_OB_RDP_LevelConfig
    stm32f1xx_hal_flash_ex.o(i.HAL_FLASHEx_OBErase) refers to stm32f1xx_hal_flash.o(.bss) for pFlash
    stm32f1xx_hal_flash_ex.o(i.HAL_FLASHEx_OBGetConfig) refers to stm32f1xx_hal_flash_ex.o(i.FLASH_OB_GetRDP) for FLASH_OB_GetRDP
    stm32f1xx_hal_flash_ex.o(i.HAL_FLASHEx_OBProgram) refers to stm32f1xx_hal_flash_ex.o(i.FLASH_OB_DisableWRP) for FLASH_OB_DisableWRP
    stm32f1xx_hal_flash_ex.o(i.HAL_FLASHEx_OBProgram) refers to stm32f1xx_hal_flash_ex.o(i.FLASH_OB_EnableWRP) for FLASH_OB_EnableWRP
    stm32f1xx_hal_flash_ex.o(i.HAL_FLASHEx_OBProgram) refers to stm32f1xx_hal_flash_ex.o(i.FLASH_OB_RDP_LevelConfig) for FLASH_OB_RDP_LevelConfig
    stm32f1xx_hal_flash_ex.o(i.HAL_FLASHEx_OBProgram) refers to stm32f1xx_hal_flash.o(i.FLASH_WaitForLastOperation) for FLASH_WaitForLastOperation
    stm32f1xx_hal_flash_ex.o(i.HAL_FLASHEx_OBProgram) refers to stm32f1xx_hal_flash.o(.bss) for pFlash
    stm32f1xx_hal_rcc_ex.o(i.HAL_RCCEx_GetPeriphCLKFreq) refers to stm32f1xx_hal_rcc.o(i.HAL_RCC_GetPCLK2Freq) for HAL_RCC_GetPCLK2Freq
    stm32f1xx_hal_rcc_ex.o(i.HAL_RCCEx_GetPeriphCLKFreq) refers to stm32f1xx_hal_rcc.o(i.HAL_RCC_GetSysClockFreq) for HAL_RCC_GetSysClockFreq
    stm32f1xx_hal_rcc_ex.o(i.HAL_RCCEx_PeriphCLKConfig) refers to stm32f1xx_hal.o(i.HAL_GetTick) for HAL_GetTick
    stm32f1xx_hal_pwr.o(i.HAL_PWR_EnterSTOPMode) refers to stm32f1xx_hal_pwr.o(i.PWR_OverloadWfe) for PWR_OverloadWfe
    stm32f1xx_hal_pwr.o(i.HAL_PWR_PVD_IRQHandler) refers to stm32f1xx_hal_pwr.o(i.HAL_PWR_PVDCallback) for HAL_PWR_PVDCallback
    stm32f1xx_hal.o(i.HAL_DeInit) refers to stm32f1xx_hal.o(i.HAL_MspDeInit) for HAL_MspDeInit
    stm32f1xx_hal.o(i.HAL_Delay) refers to stm32f1xx_hal.o(i.HAL_GetTick) for HAL_GetTick
    stm32f1xx_hal.o(i.HAL_GetTick) refers to stm32f1xx_hal.o(.data) for .data
    stm32f1xx_hal.o(i.HAL_IncTick) refers to stm32f1xx_hal.o(.data) for .data
    stm32f1xx_hal.o(i.HAL_Init) refers to stm32f1xx_hal_cortex.o(i.HAL_NVIC_SetPriorityGrouping) for HAL_NVIC_SetPriorityGrouping
    stm32f1xx_hal.o(i.HAL_Init) refers to stm32f1xx_hal.o(i.HAL_InitTick) for HAL_InitTick
    stm32f1xx_hal.o(i.HAL_Init) refers to stm32f1xx_hal_msp.o(i.HAL_MspInit) for HAL_MspInit
    stm32f1xx_hal.o(i.HAL_InitTick) refers to stm32f1xx_hal_cortex.o(i.HAL_SYSTICK_Config) for HAL_SYSTICK_Config
[...]
    Removing stm32f1xx_hal.o(i.HAL_DeInit), (32 bytes).
    Removing stm32f1xx_hal.o(i.HAL_GetDEVID), (16 bytes).
    Removing stm32f1xx_hal.o(i.HAL_GetHalVersion), (8 bytes).
    Removing stm32f1xx_hal.o(i.HAL_GetREVID), (12 bytes).
    Removing stm32f1xx_hal.o(i.HAL_GetUID), (28 bytes).
    Removing stm32f1xx_hal.o(i.HAL_MspDeInit), (2 bytes).
    Removing stm32f1xx_hal.o(i.HAL_MspInit), (2 bytes).
    Removing stm32f1xx_hal.o(i.HAL_ResumeTick), (14 bytes).
    Removing stm32f1xx_hal.o(i.HAL_SuspendTick), (14 bytes).
    Removing stm32f1xx_hal_flash.o(.rev16_text), (4 bytes).
    Removing stm32f1xx_hal_flash.o(.revsh_text), (4 bytes).
    Removing stm32f1xx_hal_flash.o(.rrx_text), (6 bytes).
    Removing stm32f1xx_hal_flash.o(i.FLASH_Program_HalfWord), (28 bytes).
    Removing stm32f1xx_hal_flash.o(i.FLASH_SetErrorCode), (92 bytes).
    Removing stm32f1xx_hal_flash.o(i.FLASH_WaitForLastOperation), (84 bytes).
    Removing stm32f1xx_hal_flash.o(i.HAL_FLASH_EndOfOperationCallback), (2 bytes).
    Removing stm32f1xx_hal_flash.o(i.HAL_FLASH_GetError), (12 bytes).
    Removing stm32f1xx_hal_flash.o(i.HAL_FLASH_IRQHandler), (260 bytes).
    Removing stm32f1xx_hal_flash.o(i.HAL_FLASH_Lock), (20 bytes).
    Removing stm32f1xx_hal_flash.o(i.HAL_FLASH_OB_Launch), (4 bytes).
    Removing stm32f1xx_hal_flash.o(i.HAL_FLASH_OB_Lock), (20 bytes).
    Removing stm32f1xx_hal_flash.o(i.HAL_FLASH_OB_Unlock), (36 bytes).
    Removing stm32f1xx_hal_flash.o(i.HAL_FLASH_OperationErrorCallback), (2 bytes).
    Removing stm32f1xx_hal_flash.o(i.HAL_FLASH_Program), (128 bytes).
    Removing stm32f1xx_hal_flash.o(i.HAL_FLASH_Program_IT), (100 bytes).
    Removing stm32f1xx_hal_flash.o(i.HAL_FLASH_Unlock), (36 bytes).
    Removing stm32f1xx_hal_flash.o(.bss), (32 bytes).
    Removing stm32f1xx_hal_rcc.o(.rev16_text), (4 bytes).
    Removing stm32f1xx_hal_rcc.o(.revsh_text), (4 bytes).
    Removing stm32f1xx_hal_rcc.o(.rrx_text), (6 bytes).
    Removing stm32f1xx_hal_rcc.o(i.HAL_RCC_CSSCallback), (2 bytes).
    Removing stm32f1xx_hal_rcc.o(i.HAL_RCC_DeInit), (68 bytes).
    Removing stm32f1xx_hal_rcc.o(i.HAL_RCC_DisableCSS), (12 bytes).
    Removing stm32f1xx_hal_rcc.o(i.HAL_RCC_EnableCSS), (12 bytes).
    Removing stm32f1xx_hal_rcc.o(i.HAL_RCC_GetClockConfig), (64 bytes).
    Removing stm32f1xx_hal_rcc.o(i.HAL_RCC_GetOscConfig), (144 bytes).
    Removing stm32f1xx_hal_rcc.o(i.HAL_RCC_MCOConfig), (72 bytes).
    Removing stm32f1xx_hal_rcc.o(i.HAL_RCC_NMI_IRQHandler), (24 bytes).
    Removing stm32f1xx_hal_dma.o(.rev16_text), (4 bytes).
    Removing stm32f1xx_hal_dma.o(.revsh_text), (4 bytes).
    Removing stm32f1xx_hal_dma.o(.rrx_text), (6 bytes).
    Removing stm32f1xx_hal_dma.o(i.HAL_DMA_Abort), (48 bytes).
    Removing stm32f1xx_hal_dma.o(i.HAL_DMA_DeInit), (120 bytes).
    Removing stm32f1xx_hal_dma.o(i.HAL_DMA_GetError), (4 bytes).
    Removing stm32f1xx_hal_dma.o(i.HAL_DMA_GetState), (6 bytes).
    Removing stm32f1xx_hal_dma.o(i.HAL_DMA_PollForTransfer), (988 bytes).
    Removing stm32f1xx_hal_dma.o(i.HAL_DMA_RegisterCallback), (74 bytes).
    Removing stm32f1xx_hal_dma.o(i.HAL_DMA_Start), (80 bytes).
    Removing stm32f1xx_hal_dma.o(i.HAL_DMA_UnRegisterCallback), (82 bytes).
    Removing stm32f1xx_hal_tim.o(.rev16_text), (4 bytes).
    Removing stm32f1xx_hal_tim.o(.revsh_text), (4 bytes).
    Removing stm32f1xx_hal_tim.o(.rrx_text), (6 bytes).
    Removing stm32f1xx_hal_cortex.o(.rev16_text), (4 bytes).
    Removing stm32f1xx_hal_cortex.o(.revsh_text), (4 bytes).
    Removing stm32f1xx_hal_cortex.o(.rrx_text), (6 bytes).
    Removing stm32f1xx_hal_cortex.o(i.HAL_NVIC_ClearPendingIRQ), (22 bytes).
    Removing stm32f1xx_hal_cortex.o(i.HAL_NVIC_DisableIRQ), (22 bytes).
    Removing stm32f1xx_hal_cortex.o(i.HAL_NVIC_GetActive), (32 bytes).
    Removing stm32f1xx_hal_cortex.o(i.HAL_NVIC_GetPendingIRQ), (32 bytes).
    Removing stm32f1xx_hal_cortex.o(i.HAL_NVIC_GetPriority), (82 bytes).
    Removing stm32f1xx_hal_cortex.o(i.HAL_NVIC_GetPriorityGrouping), (16 bytes).
    Removing stm32f1xx_hal_cortex.o(i.HAL_NVIC_SetPendingIRQ), (22 bytes).
    Removing stm32f1xx_hal_cortex.o(i.HAL_NVIC_SystemReset), (36 bytes).
    Removing stm32f1xx_hal_cortex.o(i.HAL_SYSTICK_Callback), (2 bytes).
    Removing stm32f1xx_hal_cortex.o(i.HAL_SYSTICK_IRQHandler), (8 bytes).
    Removing stm32f1xx_hal_gpio.o(.rev16_text), (4 bytes).
    Removing stm32f1xx_hal_gpio.o(.revsh_text), (4 bytes).
    Removing stm32f1xx_hal_gpio.o(.rrx_text), (6 bytes).
    Removing stm32f1xx_hal_gpio.o(i.HAL_GPIO_DeInit), (256 bytes).
    Removing stm32f1xx_hal_gpio.o(i.HAL_GPIO_EXTI_Callback), (2 bytes).
    Removing stm32f1xx_hal_gpio.o(i.HAL_GPIO_EXTI_IRQHandler), (24 bytes).
    Removing stm32f1xx_hal_gpio.o(i.HAL_GPIO_LockPin), (34 bytes).
    Removing stm32f1xx_hal_gpio.o(i.HAL_GPIO_ReadPin), (10 bytes).
    Removing stm32f1xx_hal_gpio.o(i.HAL_GPIO_TogglePin), (8 bytes).
    Removing stm32f1xx_hal_uart.o(.rev16_text), (4 bytes).
    Removing stm32f1xx_hal_uart.o(.revsh_text), (4 bytes).
    Removing stm32f1xx_hal_uart.o(.rrx_text), (6 bytes).
    Removing stm32f1xx_hal_uart.o(i.HAL_HalfDuplex_EnableReceiver), (50 bytes).
    Removing stm32f1xx_hal_uart.o(i.HAL_HalfDuplex_EnableTransmitter), (50 bytes).
    Removing stm32f1xx_hal_uart.o(i.HAL_HalfDuplex_Init), (108 bytes).
    Removing stm32f1xx_hal_uart.o(i.HAL_LIN_Init), (122 bytes).
    Removing stm32f1xx_hal_uart.o(i.HAL_LIN_SendBreak), (46 bytes).
    Removing stm32f1xx_hal_uart.o(i.HAL_MultiProcessor_EnterMuteMode), (46 bytes).
    Removing stm32f1xx_hal_uart.o(i.HAL_MultiProcessor_ExitMuteMode), (46 bytes).
    Removing stm32f1xx_hal_uart.o(i.HAL_MultiProcessor_Init), (130 bytes).
    Removing stm32f1xx_hal_uart.o(i.HAL_UART_Abort), (104 bytes).
    Removing stm32f1xx_hal_uart.o(i.HAL_UART_AbortCpltCallback), (2 bytes).
    Removing stm32f1xx_hal_uart.o(i.HAL_UART_AbortReceive), (68 bytes).
    Removing stm32f1xx_hal_uart.o(i.HAL_UART_AbortReceiveCpltCallback), (2 bytes).
    Removing stm32f1xx_hal_uart.o(i.HAL_UART_AbortReceive_IT), (92 bytes).
    Removing stm32f1xx_hal_uart.o(i.HAL_UART_AbortTransmit), (58 bytes).
    Removing stm32f1xx_hal_uart.o(i.HAL_UART_AbortTransmitCpltCallback), (2 bytes).
    Removing stm32f1xx_hal_uart.o(i.HAL_UART_AbortTransmit_IT), (84 bytes).
    Removing stm32f1xx_hal_uart.o(i.HAL_UART_Abort_IT), (172 bytes).
    Removing stm32f1xx_hal_uart.o(i.HAL_UART_DMAPause), (102 bytes).
    Removing stm32f1xx_hal_uart.o(i.HAL_UART_DMAResume), (94 bytes).
    Removing stm32f1xx_hal_uart.o(i.HAL_UART_DMAStop), (88 bytes).
    Removing stm32f1xx_hal_uart.o(i.HAL_UART_DeInit), (40 bytes).
    Removing stm32f1xx_hal_uart.o(i.HAL_UART_GetError), (4 bytes).
    Removing stm32f1xx_hal_uart.o(i.HAL_UART_GetState), (10 bytes).
    Removing stm32f1xx_hal_uart.o(i.HAL_UART_MspDeInit), (2 bytes).
    Removing stm32f1xx_hal_uart.o(i.HAL_UART_MspInit), (2 bytes).
    Removing stm32f1xx_hal_uart.o(i.HAL_UART_Receive), (184 bytes).
    Removing stm32f1xx_hal_uart.o(i.HAL_UART_Receive_IT), (82 bytes).
    Removing stm32f1xx_hal_uart.o(i.HAL_UART_Transmit), (186 bytes).
    Removing stm32f1xx_hal_uart.o(i.HAL_UART_Transmit_DMA), (128 bytes).
    Removing stm32f1xx_hal_uart.o(i.HAL_UART_Transmit_IT), (62 bytes).
    Removing stm32f1xx_hal_uart.o(i.HAL_UART_TxHalfCpltCallback), (2 bytes).
    Removing stm32f1xx_hal_uart.o(i.UART_DMARxAbortCallback), (42 bytes).
    Removing stm32f1xx_hal_uart.o(i.UART_DMARxOnlyAbortCallback), (20 bytes).
    Removing stm32f1xx_hal_uart.o(i.UART_DMATransmitCplt), (46 bytes).
    Removing stm32f1xx_hal_uart.o(i.UART_DMATxAbortCallback), (42 bytes).
    Removing stm32f1xx_hal_uart.o(i.UART_DMATxHalfCplt), (10 bytes).
    Removing stm32f1xx_hal_uart.o(i.UART_DMATxOnlyAbortCallback), (20 bytes).
    Removing stm32f1xx_hal_uart.o(i.UART_WaitOnFlagUntilTimeout), (100 bytes).
    Removing oled.o(.rev16_text), (4 bytes).
    Removing oled.o(.revsh_text), (4 bytes).
    Removing oled.o(.rrx_text), (6 bytes).
    Removing oled.o(i.OLED_Display_Off), (30 bytes).
    Removing oled.o(i.OLED_Display_On), (30 bytes).
    Removing oled.o(i.OLED_DrawBMP), (64 bytes).
    Removing oled.o(i.OLED_ShowCHinese), (80 bytes).
    Removing oled.o(i.OLED_ShowNum), (98 bytes).
    Removing oled.o(i.oled_pow), (16 bytes).
    Removing oled.o(.constdata), (552 bytes).
    Removing oled.o(.data), (448 bytes).
    Removing gprs.o(.rev16_text), (4 bytes).
    Removing gprs.o(.revsh_text), (4 bytes).
    Removing gprs.o(.rrx_text), (6 bytes).
    Removing main.o(.rev16_text), (4 bytes).
    Removing main.o(.revsh_text), (4 bytes).
    Removing main.o(.rrx_text), (6 bytes).
    Removing main.o(.data), (1 bytes).
    Removing stm32f1xx_it.o(.rev16_text), (4 bytes).
    Removing stm32f1xx_it.o(.revsh_text), (4 bytes).
    Removing stm32f1xx_it.o(.rrx_text), (6 bytes).
    Removing stm32f1xx_hal_msp.o(.rev16_text), (4 bytes).
    Removing stm32f1xx_hal_msp.o(.revsh_text), (4 bytes).
    Removing stm32f1xx_hal_msp.o(.rrx_text), (6 bytes).
    Removing stm32f1xx_hal_msp.o(i.HAL_UART_MspDeInit), (112 bytes).
    Removing system_stm32f1xx.o(.rev16_text), (4 bytes).
    Removing system_stm32f1xx.o(.revsh_text), (4 bytes).
    Removing system_stm32f1xx.o(.rrx_text), (6 bytes).
    Removing system_stm32f1xx.o(i.SystemCoreClockUpdate), (104 bytes).
    Removing heap_4.o(i.vPortInitialiseBlocks), (2 bytes).
    Removing heap_4.o(i.xPortGetFreeHeapSize), (12 bytes).
    Removing heap_4.o(i.xPortGetMinimumEverFreeHeapSize), (12 bytes).
    Removing cmsis_os.o(.rev16_text), (4 bytes).
    Removing cmsis_os.o(.revsh_text), (4 bytes).
    Removing cmsis_os.o(i.makeCmsisPriority), (14 bytes).
    Removing cmsis_os.o(i.osAbortDelay), (4 bytes).
    Removing cmsis_os.o(i.osDelayUntil), (4 bytes).
    Removing cmsis_os.o(i.osKernelRunning), (18 bytes).
    Removing cmsis_os.o(i.osKernelSysTick), (24 bytes).
    Removing cmsis_os.o(i.osMailAlloc), (12 bytes).
    Removing cmsis_os.o(i.osMailCAlloc), (32 bytes).
    Removing cmsis_os.o(i.osMailCreate), (92 bytes).
    Removing cmsis_os.o(i.osMailFree), (12 bytes).
    Removing cmsis_os.o(i.osMailGet), (148 bytes).
    Removing cmsis_os.o(i.osMailPut), (92 bytes).
    Removing cmsis_os.o(i.osMessageAvailableSpace), (4 bytes).
    Removing cmsis_os.o(i.osMessageDelete), (24 bytes).
    Removing cmsis_os.o(i.osMessageGet), (152 bytes).
    Removing cmsis_os.o(i.osMessagePeek), (78 bytes).
    Removing cmsis_os.o(i.osMessagePut), (92 bytes).
    Removing cmsis_os.o(i.osMessageWaiting), (30 bytes).
    Removing cmsis_os.o(i.osMutexCreate), (6 bytes).
    Removing cmsis_os.o(i.osMutexDelete), (24 bytes).
    Removing cmsis_os.o(i.osMutexRelease), (80 bytes).
    Removing cmsis_os.o(i.osMutexWait), (104 bytes).
    Removing cmsis_os.o(i.osPoolAlloc), (106 bytes).
    Removing cmsis_os.o(i.osPoolCAlloc), (16 bytes).
    Removing cmsis_os.o(i.osPoolCreate), (94 bytes).
    Removing cmsis_os.o(i.osPoolFree), (48 bytes).
    Removing cmsis_os.o(i.osRecursiveMutexCreate), (4 bytes).
    Removing cmsis_os.o(i.osRecursiveMutexRelease), (4 bytes).
    Removing cmsis_os.o(i.osRecursiveMutexWait), (4 bytes).
    Removing cmsis_os.o(i.osSemaphoreCreate), (38 bytes).
    Removing cmsis_os.o(i.osSemaphoreDelete), (24 bytes).
    Removing cmsis_os.o(i.osSemaphoreGetCount), (4 bytes).
    Removing cmsis_os.o(i.osSemaphoreRelease), (80 bytes).
    Removing cmsis_os.o(i.osSemaphoreWait), (104 bytes).
    Removing cmsis_os.o(i.osSignalSet), (92 bytes).
    Removing cmsis_os.o(i.osSignalWait), (86 bytes).
    Removing cmsis_os.o(i.osThreadGetId), (4 bytes).
    Removing cmsis_os.o(i.osThreadGetPriority), (32 bytes).
    Removing cmsis_os.o(i.osThreadList), (4 bytes).
    Removing cmsis_os.o(i.osThreadResume), (52 bytes).
    Removing cmsis_os.o(i.osThreadResumeAll), (18 bytes).
    Removing cmsis_os.o(i.osThreadSetPriority), (22 bytes).
    Removing cmsis_os.o(i.osThreadSuspend), (10 bytes).
    Removing cmsis_os.o(i.osThreadSuspendAll), (10 bytes).
    Removing cmsis_os.o(i.osThreadTerminate), (10 bytes).
    Removing cmsis_os.o(i.osThreadYield), (24 bytes).
    Removing cmsis_os.o(i.osTimerDelete), (44 bytes).
    Removing cmsis_os.o(i.osTimerStop), (88 bytes).
    Removing queue.o(i.pcQueueGetName), (40 bytes).
    Removing queue.o(i.uxQueueMessagesWaiting), (36 bytes).
    Removing queue.o(i.uxQueueMessagesWaitingFromISR), (22 bytes).
    Removing queue.o(i.uxQueueSpacesAvailable), (40 bytes).
    Removing queue.o(i.vQueueDelete), (36 bytes).
    Removing queue.o(i.vQueueUnregisterQueue), (40 bytes).
    Removing queue.o(i.xQueueCreateMutex), (36 bytes).
    Removing queue.o(i.xQueueGiveFromISR), (156 bytes).
    Removing queue.o(i.xQueueIsQueueEmptyFromISR), (30 bytes).
    Removing queue.o(i.xQueueIsQueueFullFromISR), (34 bytes).
    Removing queue.o(i.xQueuePeekFromISR), (116 bytes).
    Removing queue.o(i.xQueueReceiveFromISR), (154 bytes).
    Removing port.o(i.vPortEndScheduler), (32 bytes).
    Removing event_groups.o(i.prvTestWaitCondition), (20 bytes).
    Removing event_groups.o(i.vEventGroupClearBitsCallback), (4 bytes).
    Removing event_groups.o(i.vEventGroupDelete), (70 bytes).
    Removing event_groups.o(i.vEventGroupSetBitsCallback), (4 bytes).
    Removing event_groups.o(i.xEventGroupClearBits), (64 bytes).
    Removing event_groups.o(i.xEventGroupCreate), (26 bytes).
    Removing event_groups.o(i.xEventGroupGetBitsFromISR), (26 bytes).
    Removing event_groups.o(i.xEventGroupSetBits), (140 bytes).
    Removing event_groups.o(i.xEventGroupSync), (204 bytes).
    Removing event_groups.o(i.xEventGroupWaitBits), (264 bytes).
    Removing timers.o(i.pcTimerGetName), (22 bytes).
    Removing timers.o(i.pvTimerGetTimerID), (36 bytes).
    Removing timers.o(i.vTimerSetTimerID), (38 bytes).
    Removing timers.o(i.xTimerGetExpiryTime), (22 bytes).
    Removing timers.o(i.xTimerGetPeriod), (22 bytes).
    Removing timers.o(i.xTimerGetTimerDaemonTaskHandle), (32 bytes).
    Removing timers.o(i.xTimerIsTimerActive), (44 bytes).
    Removing tasks.o(i.pcTaskGetName), (32 bytes).
    Removing tasks.o(i.prvTaskIsTaskSuspended), (52 bytes).
    Removing tasks.o(i.ulTaskNotifyTake), (104 bytes).
    Removing tasks.o(i.uxTaskGetNumberOfTasks), (12 bytes).
    Removing tasks.o(i.uxTaskPriorityGet), (28 bytes).
    Removing tasks.o(i.uxTaskPriorityGetFromISR), (44 bytes).
    Removing tasks.o(i.uxTaskResetEventItemValue), (24 bytes).
    Removing tasks.o(i.vTaskDelete), (172 bytes).
    Removing tasks.o(i.vTaskEndScheduler), (28 bytes).
    Removing tasks.o(i.vTaskNotifyGiveFromISR), (184 bytes).
    Removing tasks.o(i.vTaskPlaceOnUnorderedEventList), (80 bytes).
    Removing tasks.o(i.vTaskPrioritySet), (196 bytes).
    Removing tasks.o(i.vTaskResume), (124 bytes).
    Removing tasks.o(i.vTaskSuspend), (176 bytes).
    Removing tasks.o(i.xTaskGenericNotify), (204 bytes).
    Removing tasks.o(i.xTaskGenericNotifyFromISR), (240 bytes).
    Removing tasks.o(i.xTaskGetCurrentTaskHandle), (12 bytes).
    Removing tasks.o(i.xTaskGetTickCountFromISR), (16 bytes).
    Removing tasks.o(i.xTaskNotifyStateClear), (52 bytes).
    Removing tasks.o(i.xTaskNotifyWait), (140 bytes).
    Removing tasks.o(i.xTaskRemoveFromUnorderedEventList), (120 bytes).
    Removing tasks.o(i.xTaskResumeFromISR), (136 bytes).
    Removing startup_stm32f103xe.o(HEAP), (512 bytes).

309 unused section(s) (total 16525 bytes) removed from the image.

==============================================================================

Image Symbol Table

    Local Symbols

    Symbol Name                              Value     Ov Type        Size  Object(Section)

    ../Drivers/STM32F1xx_HAL_Driver/Src/stm32f1xx_hal.c 0x00000000   Number         0  stm32f1xx_hal.o ABSOLUTE
    ../Drivers/STM32F1xx_HAL_Driver/Src/stm32f1xx_hal_cortex.c 0x00000000   Number         0  stm32f1xx_hal_cortex.o ABSOLUTE
    ../Drivers/STM32F1xx_HAL_Driver/Src/stm32f1xx_hal_dma.c 0x00000000   Number         0  stm32f1xx_hal_dma.o ABSOLUTE
    ../Drivers/STM32F1xx_HAL_Driver/Src/stm32f1xx_hal_flash.c 0x00000000   Number         0  stm32f1xx_hal_flash.o ABSOLUTE
    ../Drivers/STM32F1xx_HAL_Driver/Src/stm32f1xx_hal_flash_ex.c 0x00000000   Number         0  stm32f1xx_hal_flash_ex.o ABSOLUTE
    ../Drivers/STM32F1xx_HAL_Driver/Src/stm32f1xx_hal_gpio.c 0x00000000   Number         0  stm32f1xx_hal_gpio.o ABSOLUTE
    ../Drivers/STM32F1xx_HAL_Driver/Src/stm32f1xx_hal_gpio_ex.c 0x00000000   Number         0  stm32f1xx_hal_gpio_ex.o ABSOLUTE
    ../Drivers/STM32F1xx_HAL_Driver/Src/stm32f1xx_hal_pwr.c 0x00000000   Number         0  stm32f1xx_hal_pwr.o ABSOLUTE
    ../Drivers/STM32F1xx_HAL_Driver/Src/stm32f1xx_hal_rcc.c 0x00000000   Number         0  stm32f1xx_hal_rcc.o ABSOLUTE
    ../Drivers/STM32F1xx_HAL_Driver/Src/stm32f1xx_hal_rcc_ex.c 0x00000000   Number         0  stm32f1xx_hal_rcc_ex.o ABSOLUTE
    ../Drivers/STM32F1xx_HAL_Driver/Src/stm32f1xx_hal_tim.c 0x00000000   Number         0  stm32f1xx_hal_tim.o ABSOLUTE
    ../Drivers/STM32F1xx_HAL_Driver/Src/stm32f1xx_hal_tim_ex.c 0x00000000   Number         0  stm32f1xx_hal_tim_ex.o ABSOLUTE
    ../Drivers/STM32F1xx_HAL_Driver/Src/stm32f1xx_hal_uart.c 0x00000000   Number         0  stm32f1xx_hal_uart.o ABSOLUTE
    ../Middlewares/Third_Party/FreeRTOS/Source/CMSIS_RTOS/cmsis_os.c 0x00000000   Number         0  cmsis_os.o ABSOLUTE
    ../Middlewares/Third_Party/FreeRTOS/Source/croutine.c 0x00000000   Number         0  croutine.o ABSOLUTE
    ../Middlewares/Third_Party/FreeRTOS/Source/event_groups.c 0x00000000   Number         0  event_groups.o ABSOLUTE
    ../Middlewares/Third_Party/FreeRTOS/Source/list.c 0x00000000   Number         0  list.o ABSOLUTE
    ../Middlewares/Third_Party/FreeRTOS/Source/portable/MemMang/heap_4.c 0x00000000   Number         0  heap_4.o ABSOLUTE
    ../Middlewares/Third_Party/FreeRTOS/Source/portable/RVDS/ARM_CM3/port.c 0x00000000   Number         0  port.o ABSOLUTE
    ../Middlewares/Third_Party/FreeRTOS/Source/queue.c 0x00000000   Number         0  queue.o ABSOLUTE
    ../Middlewares/Third_Party/FreeRTOS/Source/tasks.c 0x00000000   Number         0  tasks.o ABSOLUTE
    ../Middlewares/Third_Party/FreeRTOS/Source/timers.c 0x00000000   Number         0  timers.o ABSOLUTE
    ../Src/freertos.c                        0x00000000   Number         0  freertos.o ABSOLUTE
    ../Src/main.c                            0x00000000   Number         0  main.o ABSOLUTE
    ../Src/stm32f1xx_hal_msp.c               0x00000000   Number         0  stm32f1xx_hal_msp.o ABSOLUTE
    ../Src/stm32f1xx_it.c                    0x00000000   Number         0  stm32f1xx_it.o ABSOLUTE
    ../Src/system_stm32f1xx.c                0x00000000   Number         0  system_stm32f1xx.o ABSOLUTE
    ../clib/microlib/init/entry.s            0x00000000   Number         0  entry5.o ABSOLUTE
    ../clib/microlib/init/entry.s            0x00000000   Number         0  entry7a.o ABSOLUTE
    ../clib/microlib/init/entry.s            0x00000000   Number         0  entry7b.o ABSOLUTE
    ../clib/microlib/init/entry.s            0x00000000   Number         0  entry8a.o ABSOLUTE
    ../clib/microlib/init/entry.s            0x00000000   Number         0  entry9b.o ABSOLUTE
    ../clib/microlib/init/entry.s            0x00000000   Number         0  entry.o ABSOLUTE
    ../clib/microlib/init/entry.s            0x00000000   Number         0  entry10a.o ABSOLUTE
    ../clib/microlib/init/entry.s            0x00000000   Number         0  entry8b.o ABSOLUTE
    ../clib/microlib/init/entry.s            0x00000000   Number         0  entry9a.o ABSOLUTE
    ../clib/microlib/init/entry.s            0x00000000   Number         0  entry10b.o ABSOLUTE
    ../clib/microlib/init/entry.s            0x00000000   Number         0  entry11a.o ABSOLUTE
    ../clib/microlib/init/entry.s            0x00000000   Number         0  entry11b.o ABSOLUTE
    ../clib/microlib/init/entry.s            0x00000000   Number         0  entry2.o ABSOLUTE
    ../clib/microlib/longlong.c              0x00000000   Number         0  llushr.o ABSOLUTE
    ../clib/microlib/string/memcpy.c         0x00000000   Number         0  memcpyb.o ABSOLUTE
    ../clib/microlib/string/memcpy.c         0x00000000   Number         0  memcpya.o ABSOLUTE
    ..\Drivers\STM32F1xx_HAL_Driver\Src\stm32f1xx_hal.c 0x00000000   Number         0  stm32f1xx_hal.o ABSOLUTE
    ..\Drivers\STM32F1xx_HAL_Driver\Src\stm32f1xx_hal_cortex.c 0x00000000   Number         0  stm32f1xx_hal_cortex.o ABSOLUTE
    ..\Drivers\STM32F1xx_HAL_Driver\Src\stm32f1xx_hal_dma.c 0x00000000   Number         0  stm32f1xx_hal_dma.o ABSOLUTE
    ..\Drivers\STM32F1xx_HAL_Driver\Src\stm32f1xx_hal_flash.c 0x00000000   Number         0  stm32f1xx_hal_flash.o ABSOLUTE
    ..\Drivers\STM32F1xx_HAL_Driver\Src\stm32f1xx_hal_flash_ex.c 0x00000000   Number         0  stm32f1xx_hal_flash_ex.o ABSOLUTE
    ..\Drivers\STM32F1xx_HAL_Driver\Src\stm32f1xx_hal_gpio.c 0x00000000   Number         0  stm32f1xx_hal_gpio.o ABSOLUTE
    ..\Drivers\STM32F1xx_HAL_Driver\Src\stm32f1xx_hal_gpio_ex.c 0x00000000   Number         0  stm32f1xx_hal_gpio_ex.o ABSOLUTE
    ..\Drivers\STM32F1xx_HAL_Driver\Src\stm32f1xx_hal_pwr.c 0x00000000   Number         0  stm32f1xx_hal_pwr.o ABSOLUTE
    ..\Drivers\STM32F1xx_HAL_Driver\Src\stm32f1xx_hal_rcc.c 0x00000000   Number         0  stm32f1xx_hal_rcc.o ABSOLUTE
    ..\Drivers\STM32F1xx_HAL_Driver\Src\stm32f1xx_hal_rcc_ex.c 0x00000000   Number         0  stm32f1xx_hal_rcc_ex.o ABSOLUTE
    ..\Drivers\STM32F1xx_HAL_Driver\Src\stm32f1xx_hal_tim.c 0x00000000   Number         0  stm32f1xx_hal_tim.o ABSOLUTE
    ..\Drivers\STM32F1xx_HAL_Driver\Src\stm32f1xx_hal_tim_ex.c 0x00000000   Number         0  stm32f1xx_hal_tim_ex.o ABSOLUTE
    ..\Drivers\STM32F1xx_HAL_Driver\Src\stm32f1xx_hal_uart.c 0x00000000   Number         0  stm32f1xx_hal_uart.o ABSOLUTE
    ..\Middlewares\Third_Party\FreeRTOS\Source\CMSIS_RTOS\cmsis_os.c 0x00000000   Number         0  cmsis_os.o ABSOLUTE
    ..\Middlewares\Third_Party\FreeRTOS\Source\portable\RVDS\ARM_CM3\port.c 0x00000000   Number         0  port.o ABSOLUTE
    ..\Src\main.c                            0x00000000   Number         0  main.o ABSOLUTE
    ..\Src\stm32f1xx_hal_msp.c               0x00000000   Number         0  stm32f1xx_hal_msp.o ABSOLUTE
    ..\Src\stm32f1xx_it.c                    0x00000000   Number         0  stm32f1xx_it.o ABSOLUTE
    ..\Src\system_stm32f1xx.c                0x00000000   Number         0  system_stm32f1xx.o ABSOLUTE
    dc.s                                     0x00000000   Number         0  dc.o ABSOLUTE
    gprs.c                                   0x00000000   Number         0  gprs.o ABSOLUTE
    gprs.c                                   0x00000000   Number         0  gprs.o ABSOLUTE
    handlers.s                               0x00000000   Number         0  handlers.o ABSOLUTE
    init.s                                   0x00000000   Number         0  init.o ABSOLUTE
    oled.c                                   0x00000000   Number         0  oled.o ABSOLUTE
    oled.c                                   0x00000000   Number         0  oled.o ABSOLUTE
    startup_stm32f103xe.s                    0x00000000   Number         0  startup_stm32f103xe.o ABSOLUTE
    RESET                                    0x08000000   Section      304  startup_stm32f103xe.o(RESET)
    .ARM.Collect$$$$00000000                 0x08000130   Section        0  entry.o(.ARM.Collect$$$$00000000)
    .ARM.Collect$$$$00000001                 0x08000130   Section        4  entry2.o(.ARM.Collect$$$$00000001)
    .ARM.Collect$$$$00000004                 0x08000134   Section        4  entry5.o(.ARM.Collect$$$$00000004)
    .ARM.Collect$$$$00000008                 0x08000138   Section        0  entry7b.o(.ARM.Collect$$$$00000008)
    .ARM.Collect$$$$0000000A                 0x08000138   Section        0  entry8b.o(.ARM.Collect$$$$0000000A)
    .ARM.Collect$$$$0000000B                 0x08000138   Section        8  entry9a.o(.ARM.Collect$$$$0000000B)
    .ARM.Collect$$$$0000000D                 0x08000140   Section        0  entry10a.o(.ARM.Collect$$$$0000000D)
    .ARM.Collect$$$$0000000F                 0x08000140   Section        0  entry11a.o(.ARM.Collect$$$$0000000F)
    .ARM.Collect$$$$00002712                 0x08000140   Section        4  entry2.o(.ARM.Collect$$$$00002712)
    __lit__00000000                          0x08000140   Data           4  entry2.o(.ARM.Collect$$$$00002712)
    .emb_text                                0x08000144   Section      150  port.o(.emb_text)
    .text                                    0x080001dc   Section       36  startup_stm32f103xe.o(.text)
    .text                                    0x08000200   Section        0  memcpya.o(.text)
    .text                                    0x08000224   Section       36  init.o(.text)
    i.BusFault_Handler                       0x08000248   Section        0  stm32f1xx_it.o(i.BusFault_Handler)
    i.Callback01                             0x0800024c   Section        0  main.o(i.Callback01)
    i.DMA1_Channel4_IRQHandler               0x08000264   Section        0  stm32f1xx_it.o(i.DMA1_Channel4_IRQHandler)
    i.DMA1_Channel5_IRQHandler               0x08000270   Section        0  stm32f1xx_it.o(i.DMA1_Channel5_IRQHandler)
    i.DMA1_Channel6_IRQHandler               0x0800027c   Section        0  stm32f1xx_it.o(i.DMA1_Channel6_IRQHandler)
    i.DMA1_Channel7_IRQHandler               0x08000288   Section        0  stm32f1xx_it.o(i.DMA1_Channel7_IRQHandler)
    i.DMA_SetConfig                          0x08000294   Section        0  stm32f1xx_hal_dma.o(i.DMA_SetConfig)
    DMA_SetConfig                            0x08000295   Thumb Code    42  stm32f1xx_hal_dma.o(i.DMA_SetConfig)
    i.DebugMon_Handler                       0x080002be   Section        0  stm32f1xx_it.o(i.DebugMon_Handler)
    i.HAL_DMA_Abort_IT                       0x080002c0   Section        0  stm32f1xx_hal_dma.o(i.HAL_DMA_Abort_IT)
    i.HAL_DMA_IRQHandler                     0x080003f0   Section        0  stm32f1xx_hal_dma.o(i.HAL_DMA_IRQHandler)
    i.HAL_DMA_Init                           0x08000638   Section        0  stm32f1xx_hal_dma.o(i.HAL_DMA_Init)
    i.HAL_DMA_Start_IT                       0x080006bc   Section        0  stm32f1xx_hal_dma.o(i.HAL_DMA_Start_IT)
    i.HAL_Delay                              0x0800072c   Section        0  stm32f1xx_hal.o(i.HAL_Delay)
    i.HAL_GPIO_Init                          0x08000748   Section        0  stm32f1xx_hal_gpio.o(i.HAL_GPIO_Init)
    i.HAL_GPIO_WritePin                      0x08000930   Section        0  stm32f1xx_hal_gpio.o(i.HAL_GPIO_WritePin)
    i.HAL_GetTick                            0x0800093c   Section        0  stm32f1xx_hal.o(i.HAL_GetTick)
    i.HAL_IncTick                            0x08000948   Section        0  stm32f1xx_hal.o(i.HAL_IncTick)
    i.HAL_Init                               0x08000958   Section        0  stm32f1xx_hal.o(i.HAL_Init)
    i.HAL_InitTick                           0x0800097c   Section        0  stm32f1xx_hal.o(i.HAL_InitTick)
    i.HAL_MspInit                            0x080009a4   Section        0  stm32f1xx_hal_msp.o(i.HAL_MspInit)
    i.HAL_NVIC_EnableIRQ                     0x08000a28   Section        0  stm32f1xx_hal_cortex.o(i.HAL_NVIC_EnableIRQ)
    i.HAL_NVIC_SetPriority                   0x08000a40   Section        0  stm32f1xx_hal_cortex.o(i.HAL_NVIC_SetPriority)
    i.HAL_NVIC_SetPriorityGrouping           0x08000a80   Section        0  stm32f1xx_hal_cortex.o(i.HAL_NVIC_SetPriorityGrouping)
    i.HAL_RCC_ClockConfig                    0x08000aa4   Section        0  stm32f1xx_hal_rcc.o(i.HAL_RCC_ClockConfig)
    i.HAL_RCC_GetHCLKFreq                    0x08000bf8   Section        0  stm32f1xx_hal_rcc.o(i.HAL_RCC_GetHCLKFreq)
    i.HAL_RCC_GetPCLK1Freq                   0x08000c04   Section        0  stm32f1xx_hal_rcc.o(i.HAL_RCC_GetPCLK1Freq)
    i.HAL_RCC_GetPCLK2Freq                   0x08000c24   Section        0  stm32f1xx_hal_rcc.o(i.HAL_RCC_GetPCLK2Freq)
    i.HAL_RCC_GetSysClockFreq                0x08000c44   Section        0  stm32f1xx_hal_rcc.o(i.HAL_RCC_GetSysClockFreq)
    i.HAL_RCC_OscConfig                      0x08000cb0   Section        0  stm32f1xx_hal_rcc.o(i.HAL_RCC_OscConfig)
    i.HAL_SYSTICK_CLKSourceConfig            0x08000fb4   Section        0  stm32f1xx_hal_cortex.o(i.HAL_SYSTICK_CLKSourceConfig)
    i.HAL_SYSTICK_Config                     0x08000fcc   Section        0  stm32f1xx_hal_cortex.o(i.HAL_SYSTICK_Config)
    i.HAL_UART_ErrorCallback                 0x08000ff4   Section        0  stm32f1xx_hal_uart.o(i.HAL_UART_ErrorCallback)
    i.HAL_UART_IRQHandler                    0x08000ff8   Section        0  stm32f1xx_hal_uart.o(i.HAL_UART_IRQHandler)
    i.HAL_UART_Init                          0x08001108   Section        0  stm32f1xx_hal_uart.o(i.HAL_UART_Init)
    i.HAL_UART_MspInit                       0x0800116c   Section        0  stm32f1xx_hal_msp.o(i.HAL_UART_MspInit)
    i.HAL_UART_Receive_DMA                   0x08001304   Section        0  stm32f1xx_hal_uart.o(i.HAL_UART_Receive_DMA)
    i.HAL_UART_RxCpltCallback                0x0800139c   Section        0  stm32f1xx_hal_uart.o(i.HAL_UART_RxCpltCallback)
    i.HAL_UART_RxHalfCpltCallback            0x0800139e   Section        0  stm32f1xx_hal_uart.o(i.HAL_UART_RxHalfCpltCallback)
    i.HAL_UART_TxCpltCallback                0x080013a0   Section        0  stm32f1xx_hal_uart.o(i.HAL_UART_TxCpltCallback)
    i.HardFault_Handler                      0x080013a2   Section        0  stm32f1xx_it.o(i.HardFault_Handler)
    i.MX_GPIO_Init                           0x080013a4   Section        0  main.o(i.MX_GPIO_Init)
    MX_GPIO_Init                             0x080013a5   Thumb Code   206  main.o(i.MX_GPIO_Init)
    i.MemManage_Handler                      0x08001484   Section        0  stm32f1xx_it.o(i.MemManage_Handler)
    i.NMI_Handler                            0x08001486   Section        0  stm32f1xx_it.o(i.NMI_Handler)
    i.NVIC_SetPriority                       0x08001488   Section        0  stm32f1xx_hal_cortex.o(i.NVIC_SetPriority)
    NVIC_SetPriority                         0x08001489   Thumb Code    32  stm32f1xx_hal_cortex.o(i.NVIC_SetPriority)
    i.OLED_Clear                             0x080014a8   Section        0  oled.o(i.OLED_Clear)
    i.OLED_Init                              0x080014e4   Section        0  oled.o(i.OLED_Init)
    i.OLED_Set_Pos                           0x08001648   Section        0  oled.o(i.OLED_Set_Pos)
    i.OLED_ShowChar                          0x08001674   Section        0  oled.o(i.OLED_ShowChar)
    i.OLED_ShowString                        0x080016d8   Section        0  oled.o(i.OLED_ShowString)
    i.OLED_WR_Byte                           0x0800170c   Section        0  oled.o(i.OLED_WR_Byte)
    i.StartDefaultTask                       0x08001790   Section        0  main.o(i.StartDefaultTask)
    i.SysTick_Handler                        0x0800179c   Section        0  stm32f1xx_it.o(i.SysTick_Handler)
    i.SystemClock_Config                     0x080017aa   Section        0  main.o(i.SystemClock_Config)
    i.SystemInit                             0x08001810   Section        0  system_stm32f1xx.o(i.SystemInit)
    i.UART_DMAAbortOnError                   0x08001858   Section        0  stm32f1xx_hal_uart.o(i.UART_DMAAbortOnError)
    UART_DMAAbortOnError                     0x08001859   Thumb Code    16  stm32f1xx_hal_uart.o(i.UART_DMAAbortOnError)
    i.UART_DMAError                          0x08001868   Section        0  stm32f1xx_hal_uart.o(i.UART_DMAError)
    UART_DMAError                            0x08001869   Thumb Code    74  stm32f1xx_hal_uart.o(i.UART_DMAError)
    i.UART_DMAReceiveCplt                    0x080018b2   Section        0  stm32f1xx_hal_uart.o(i.UART_DMAReceiveCplt)
    UART_DMAReceiveCplt                      0x080018b3   Thumb Code    60  stm32f1xx_hal_uart.o(i.UART_DMAReceiveCplt)
    i.UART_DMARxHalfCplt                     0x080018ee   Section        0  stm32f1xx_hal_uart.o(i.UART_DMARxHalfCplt)
    UART_DMARxHalfCplt                       0x080018ef   Thumb Code    10  stm32f1xx_hal_uart.o(i.UART_DMARxHalfCplt)
    i.UART_EndRxTransfer                     0x080018f8   Section        0  stm32f1xx_hal_uart.o(i.UART_EndRxTransfer)
    UART_EndRxTransfer                       0x080018f9   Thumb Code    28  stm32f1xx_hal_uart.o(i.UART_EndRxTransfer)
    i.UART_EndTxTransfer                     0x08001914   Section        0  stm32f1xx_hal_uart.o(i.UART_EndTxTransfer)
    UART_EndTxTransfer                       0x08001915   Thumb Code    18  stm32f1xx_hal_uart.o(i.UART_EndTxTransfer)
    i.UART_Receive_IT                        0x08001926   Section        0  stm32f1xx_hal_uart.o(i.UART_Receive_IT)
    UART_Receive_IT                          0x08001927   Thumb Code   150  stm32f1xx_hal_uart.o(i.UART_Receive_IT)
    i.UART_SetConfig                         0x080019bc   Section        0  stm32f1xx_hal_uart.o(i.UART_SetConfig)
    UART_SetConfig                           0x080019bd   Thumb Code   364  stm32f1xx_hal_uart.o(i.UART_SetConfig)
    i.UART_Transmit_IT                       0x08001b2c   Section        0  stm32f1xx_hal_uart.o(i.UART_Transmit_IT)
    UART_Transmit_IT                         0x08001b2d   Thumb Code    98  stm32f1xx_hal_uart.o(i.UART_Transmit_IT)
    i.USART1_IRQHandler                      0x08001b90   Section        0  stm32f1xx_it.o(i.USART1_IRQHandler)
    i.USART2_IRQHandler                      0x08001be0   Section        0  stm32f1xx_it.o(i.USART2_IRQHandler)
    i.UsageFault_Handler                     0x08001bec   Section        0  stm32f1xx_it.o(i.UsageFault_Handler)
    i._Error_Handler                         0x08001bee   Section        0  main.o(i._Error_Handler)
    i.__scatterload_copy                     0x08001bf0   Section       14  handlers.o(i.__scatterload_copy)
    i.__scatterload_null                     0x08001bfe   Section        2  handlers.o(i.__scatterload_null)
    i.__scatterload_zeroinit                 0x08001c00   Section       14  handlers.o(i.__scatterload_zeroinit)
    i.inHandlerMode                          0x08001c0e   Section        0  cmsis_os.o(i.inHandlerMode)
    inHandlerMode                            0x08001c0f   Thumb Code    12  cmsis_os.o(i.inHandlerMode)
    i.init_gprs                              0x08001c1c   Section        0  gprs.o(i.init_gprs)
    i.main                                   0x08001c64   Section        0  main.o(i.main)
    i.makeFreeRtosPriority                   0x08001d9c   Section        0  cmsis_os.o(i.makeFreeRtosPriority)
    makeFreeRtosPriority                     0x08001d9d   Thumb Code    12  cmsis_os.o(i.makeFreeRtosPriority)
    i.osDelay                                0x08001da8   Section        0  cmsis_os.o(i.osDelay)
    i.osKernelStart                          0x08001db6   Section        0  cmsis_os.o(i.osKernelStart)
    i.osMessageCreate                        0x08001dc0   Section        0  cmsis_os.o(i.osMessageCreate)
    i.osSystickHandler                       0x08001dc8   Section        0  cmsis_os.o(i.osSystickHandler)
    i.osThreadCreate                         0x08001ddc   Section        0  cmsis_os.o(i.osThreadCreate)
    i.osTimerCreate                          0x08001e0c   Section        0  cmsis_os.o(i.osTimerCreate)
    i.osTimerStart                           0x08001e30   Section        0  cmsis_os.o(i.osTimerStart)
    i.prvAddCurrentTaskToDelayedList         0x08001e8c   Section        0  tasks.o(i.prvAddCurrentTaskToDelayedList)
    prvAddCurrentTaskToDelayedList           0x08001e8d   Thumb Code   102  tasks.o(i.prvAddCurrentTaskToDelayedList)
    i.prvAddNewTaskToReadyList               0x08001efc   Section        0  tasks.o(i.prvAddNewTaskToReadyList)
    prvAddNewTaskToReadyList                 0x08001efd   Thumb Code   194  tasks.o(i.prvAddNewTaskToReadyList)
    i.prvCheckForValidListAndQueue           0x08001fcc   Section        0  timers.o(i.prvCheckForValidListAndQueue)
    prvCheckForValidListAndQueue             0x08001fcd   Thumb Code    62  timers.o(i.prvCheckForValidListAndQueue)
    i.prvCheckTasksWaitingTermination        0x0800201c   Section        0  tasks.o(i.prvCheckTasksWaitingTermination)
    prvCheckTasksWaitingTermination          0x0800201d   Thumb Code    70  tasks.o(i.prvCheckTasksWaitingTermination)
    i.prvCopyDataFromQueue                   0x0800206c   Section        0  queue.o(i.prvCopyDataFromQueue)
    prvCopyDataFromQueue                     0x0800206d   Thumb Code    38  queue.o(i.prvCopyDataFromQueue)
    i.prvCopyDataToQueue                     0x08002092   Section        0  queue.o(i.prvCopyDataToQueue)
    prvCopyDataToQueue                       0x08002093   Thumb Code   108  queue.o(i.prvCopyDataToQueue)
    i.prvDeleteTCB                           0x080020fe   Section        0  tasks.o(i.prvDeleteTCB)
    prvDeleteTCB                             0x080020ff   Thumb Code    20  tasks.o(i.prvDeleteTCB)
    i.prvHeapInit                            0x08002114   Section        0  heap_4.o(i.prvHeapInit)
    prvHeapInit                              0x08002115   Thumb Code    66  heap_4.o(i.prvHeapInit)
    i.prvIdleTask                            0x08002160   Section        0  tasks.o(i.prvIdleTask)
    prvIdleTask                              0x08002161   Thumb Code    30  tasks.o(i.prvIdleTask)
    i.prvInitialiseNewTask                   0x08002188   Section        0  tasks.o(i.prvInitialiseNewTask)
    prvInitialiseNewTask                     0x08002189   Thumb Code   142  tasks.o(i.prvInitialiseNewTask)
    i.prvInsertBlockIntoFreeList             0x08002218   Section        0  heap_4.o(i.prvInsertBlockIntoFreeList)
    prvInsertBlockIntoFreeList               0x08002219   Thumb Code    72  heap_4.o(i.prvInsertBlockIntoFreeList)
    i.prvInsertTimerInActiveList             0x08002264   Section        0  timers.o(i.prvInsertTimerInActiveList)
    prvInsertTimerInActiveList               0x08002265   Thumb Code    52  timers.o(i.prvInsertTimerInActiveList)
    i.prvIsQueueEmpty                        0x0800229c   Section        0  queue.o(i.prvIsQueueEmpty)
    prvIsQueueEmpty                          0x0800229d   Thumb Code    28  queue.o(i.prvIsQueueEmpty)
    i.prvProcessReceivedCommands             0x080022b8   Section        0  timers.o(i.prvProcessReceivedCommands)
    prvProcessReceivedCommands               0x080022b9   Thumb Code   180  timers.o(i.prvProcessReceivedCommands)
    i.prvProcessTimerOrBlockTask             0x08002370   Section        0  timers.o(i.prvProcessTimerOrBlockTask)
    prvProcessTimerOrBlockTask               0x08002371   Thumb Code   172  timers.o(i.prvProcessTimerOrBlockTask)
    i.prvResetNextTaskUnblockTime            0x08002424   Section        0  tasks.o(i.prvResetNextTaskUnblockTime)
    prvResetNextTaskUnblockTime              0x08002425   Thumb Code    26  tasks.o(i.prvResetNextTaskUnblockTime)
    i.prvSampleTimeNow                       0x08002444   Section        0  timers.o(i.prvSampleTimeNow)
    prvSampleTimeNow                         0x08002445   Thumb Code    36  timers.o(i.prvSampleTimeNow)
    i.prvSwitchTimerLists                    0x0800246c   Section        0  timers.o(i.prvSwitchTimerLists)
    prvSwitchTimerLists                      0x0800246d   Thumb Code   102  timers.o(i.prvSwitchTimerLists)
    i.prvTaskExitError                       0x080024d8   Section        0  port.o(i.prvTaskExitError)
    prvTaskExitError                         0x080024d9   Thumb Code    36  port.o(i.prvTaskExitError)
    i.prvTimerTask                           0x08002500   Section        0  timers.o(i.prvTimerTask)
    prvTimerTask                             0x08002501   Thumb Code    32  timers.o(i.prvTimerTask)
    i.prvUnlockQueue                         0x08002524   Section        0  queue.o(i.prvUnlockQueue)
    prvUnlockQueue                           0x08002525   Thumb Code   106  queue.o(i.prvUnlockQueue)
    i.pvPortMalloc                           0x08002590   Section        0  heap_4.o(i.pvPortMalloc)
    i.pvTaskIncrementMutexHeldCount          0x08002668   Section        0  tasks.o(i.pvTaskIncrementMutexHeldCount)
    i.pxPortInitialiseStack                  0x08002680   Section        0  port.o(i.pxPortInitialiseStack)
    i.uxListRemove                           0x080026a4   Section        0  list.o(i.uxListRemove)
    i.vListInitialise                        0x080026c8   Section        0  list.o(i.vListInitialise)
    i.vListInitialiseItem                    0x080026de   Section        0  list.o(i.vListInitialiseItem)
    i.vListInsert                            0x080026e4   Section        0  list.o(i.vListInsert)
    i.vListInsertEnd                         0x08002714   Section        0  list.o(i.vListInsertEnd)
    i.vPortEnterCritical                     0x0800272c   Section        0  port.o(i.vPortEnterCritical)
    i.vPortExitCritical                      0x0800276c   Section        0  port.o(i.vPortExitCritical)
    i.vPortFree                              0x08002794   Section        0  heap_4.o(i.vPortFree)
    i.vPortSetupTimerInterrupt               0x080027f0   Section        0  port.o(i.vPortSetupTimerInterrupt)
    i.vPortValidateInterruptPriority         0x08002810   Section        0  port.o(i.vPortValidateInterruptPriority)
    i.vQueueAddToRegistry                    0x08002864   Section        0  queue.o(i.vQueueAddToRegistry)
    i.vQueueWaitForMessageRestricted         0x0800288c   Section        0  queue.o(i.vQueueWaitForMessageRestricted)
    i.vTaskDelay                             0x080028d0   Section        0  tasks.o(i.vTaskDelay)
    i.vTaskMissedYield                       0x0800291c   Section        0  tasks.o(i.vTaskMissedYield)
    i.vTaskPlaceOnEventList                  0x08002928   Section        0  tasks.o(i.vTaskPlaceOnEventList)
    i.vTaskPlaceOnEventListRestricted        0x08002958   Section        0  tasks.o(i.vTaskPlaceOnEventListRestricted)
    i.vTaskPriorityInherit                   0x08002990   Section        0  tasks.o(i.vTaskPriorityInherit)
    i.vTaskSetTimeOutState                   0x08002a14   Section        0  tasks.o(i.vTaskSetTimeOutState)
    i.vTaskStartScheduler                    0x08002a38   Section        0  tasks.o(i.vTaskStartScheduler)
    i.vTaskSuspendAll                        0x08002aa8   Section        0  tasks.o(i.vTaskSuspendAll)
    i.vTaskSwitchContext                     0x08002ab8   Section        0  tasks.o(i.vTaskSwitchContext)
    i.xPortStartScheduler                    0x08002b14   Section        0  port.o(i.xPortStartScheduler)
    i.xPortSysTickHandler                    0x08002b88   Section        0  port.o(i.xPortSysTickHandler)
    i.xQueueGenericCreate                    0x08002bb4   Section        0  queue.o(i.xQueueGenericCreate)
    i.xQueueGenericReceive                   0x08002bfc   Section        0  queue.o(i.xQueueGenericReceive)
    i.xQueueGenericReset                     0x08002d68   Section        0  queue.o(i.xQueueGenericReset)
    i.xQueueGenericSend                      0x08002df0   Section        0  queue.o(i.xQueueGenericSend)
    i.xQueueGenericSendFromISR               0x08002f50   Section        0  queue.o(i.xQueueGenericSendFromISR)
    i.xTaskCheckForTimeOut                   0x0800300c   Section        0  tasks.o(i.xTaskCheckForTimeOut)
    i.xTaskCreate                            0x08003078   Section        0  tasks.o(i.xTaskCreate)
    i.xTaskGetSchedulerState                 0x080030d0   Section        0  tasks.o(i.xTaskGetSchedulerState)
    i.xTaskGetTickCount                      0x080030ec   Section        0  tasks.o(i.xTaskGetTickCount)
    i.xTaskIncrementTick                     0x080030f8   Section        0  tasks.o(i.xTaskIncrementTick)
    i.xTaskPriorityDisinherit                0x080031c0   Section        0  tasks.o(i.xTaskPriorityDisinherit)
    i.xTaskRemoveFromEventList               0x08003258   Section        0  tasks.o(i.xTaskRemoveFromEventList)
    i.xTaskResumeAll                         0x080032cc   Section        0  tasks.o(i.xTaskResumeAll)
    i.xTimerCreate                           0x08003390   Section        0  timers.o(i.xTimerCreate)
    i.xTimerCreateTimerTask                  0x080033e0   Section        0  timers.o(i.xTimerCreateTimerTask)
    i.xTimerGenericCommand                   0x08003428   Section        0  timers.o(i.xTimerGenericCommand)
    .constdata                               0x08003488   Section     1520  oled.o(.constdata)
    .constdata                               0x08003a78   Section       32  main.o(.constdata)
    .constdata                               0x08003a98   Section       16  system_stm32f1xx.o(.constdata)
    .constdata                               0x08003aa8   Section        8  system_stm32f1xx.o(.constdata)
    .conststring                             0x08003ab0   Section       12  main.o(.conststring)
    .data                                    0x20000000   Section        4  stm32f1xx_hal.o(.data)
    .data                                    0x20000004   Section       16  main.o(.data)
    .data                                    0x20000014   Section        4  system_stm32f1xx.o(.data)
    .data                                    0x20000018   Section       24  heap_4.o(.data)
    pxEnd                                    0x20000018   Data           4  heap_4.o(.data)
    xFreeBytesRemaining                      0x2000001c   Data           4  heap_4.o(.data)
    xMinimumEverFreeBytesRemaining           0x20000020   Data           4  heap_4.o(.data)
    xBlockAllocatedBit                       0x20000024   Data           4  heap_4.o(.data)
    xStart                                   0x20000028   Data           8  heap_4.o(.data)
    .data                                    0x20000030   Section       12  port.o(.data)
    ucMaxSysCallPriority                     0x20000030   Data           1  port.o(.data)
    uxCriticalNesting                        0x20000034   Data           4  port.o(.data)
    ulMaxPRIGROUPValue                       0x20000038   Data           4  port.o(.data)
    .data                                    0x2000003c   Section       20  timers.o(.data)
    xTimerQueue                              0x2000003c   Data           4  timers.o(.data)
    xTimerTaskHandle                         0x20000040   Data           4  timers.o(.data)
    xLastTime                                0x20000044   Data           4  timers.o(.data)
    pxCurrentTimerList                       0x20000048   Data           4  timers.o(.data)
    pxOverflowTimerList                      0x2000004c   Data           4  timers.o(.data)
    .data                                    0x20000050   Section       60  tasks.o(.data)
    uxDeletedTasksWaitingCleanUp             0x20000054   Data           4  tasks.o(.data)
    uxCurrentNumberOfTasks                   0x20000058   Data           4  tasks.o(.data)
    xTickCount                               0x2000005c   Data           4  tasks.o(.data)
    uxTopReadyPriority                       0x20000060   Data           4  tasks.o(.data)
    xSchedulerRunning                        0x20000064   Data           4  tasks.o(.data)
    uxPendedTicks                            0x20000068   Data           4  tasks.o(.data)
    xYieldPending                            0x2000006c   Data           4  tasks.o(.data)
    xNumOfOverflows                          0x20000070   Data           4  tasks.o(.data)
    uxTaskNumber                             0x20000074   Data           4  tasks.o(.data)
    xNextTaskUnblockTime                     0x20000078   Data           4  tasks.o(.data)
    xIdleTaskHandle                          0x2000007c   Data           4  tasks.o(.data)
    uxSchedulerSuspended                     0x20000080   Data           4  tasks.o(.data)
    pxDelayedTaskList                        0x20000084   Data           4  tasks.o(.data)
    pxOverflowDelayedTaskList                0x20000088   Data           4  tasks.o(.data)
    .bss                                     0x2000008c   Section      228  main.o(.bss)
    .bss                                     0x20000170   Section       68  main.o(.bss)
    .bss                                     0x200001b4   Section       68  main.o(.bss)
    .bss                                     0x200001f8   Section       68  main.o(.bss)
    .bss                                     0x2000023c   Section       68  main.o(.bss)
    .bss                                     0x20000280   Section     3072  heap_4.o(.bss)
    ucHeap                                   0x20000280   Data        3072  heap_4.o(.bss)
    .bss                                     0x20000e80   Section       64  queue.o(.bss)
    .bss                                     0x20000ec0   Section       40  timers.o(.bss)
    xActiveTimerList1                        0x20000ec0   Data          20  timers.o(.bss)
    xActiveTimerList2                        0x20000ed4   Data          20  timers.o(.bss)
    .bss                                     0x20000ee8   Section      240  tasks.o(.bss)
    pxReadyTasksLists                        0x20000ee8   Data         140  tasks.o(.bss)
    xDelayedTaskList1                        0x20000f74   Data          20  tasks.o(.bss)
    xDelayedTaskList2                        0x20000f88   Data          20  tasks.o(.bss)
    xPendingReadyList                        0x20000f9c   Data          20  tasks.o(.bss)
    xTasksWaitingTermination                 0x20000fb0   Data          20  tasks.o(.bss)
    xSuspendedTaskList                       0x20000fc4   Data          20  tasks.o(.bss)
    STACK                                    0x20000fd8   Section     1024  startup_stm32f103xe.o(STACK)

    Global Symbols

    Symbol Name                              Value     Ov Type        Size  Object(Section)

    BuildAttributes$$THM_ISAv4$P$D$K$B$S$PE$A:L22UL41UL21$X:L11$S22US41US21$IEEE1$IW$USESV6$~STKCKD$USESV7$~SHL$OSPACE$EBA8$MICROLIB$REQ8$PRES8$EABIv2 0x00000000   Number         0  anon$$obj.o ABSOLUTE
    __ARM_use_no_argv                        0x00000000   Number         0  main.o ABSOLUTE
    __cpp_initialize__aeabi_                  - Undefined Weak Reference
    __cxa_finalize                            - Undefined Weak Reference
    __decompress                              - Undefined Weak Reference
    _clock_init                               - Undefined Weak Reference
    _microlib_exit                            - Undefined Weak Reference
    __Vectors_Size                           0x00000130   Number         0  startup_stm32f103xe.o ABSOLUTE
    __Vectors                                0x08000000   Data           4  startup_stm32f103xe.o(RESET)
    __Vectors_End                            0x08000130   Data           0  startup_stm32f103xe.o(RESET)
    __main                                   0x08000131   Thumb Code     0  entry.o(.ARM.Collect$$$$00000000)
    _main_stk                                0x08000131   Thumb Code     0  entry2.o(.ARM.Collect$$$$00000001)
    _main_scatterload                        0x08000135   Thumb Code     0  entry5.o(.ARM.Collect$$$$00000004)
    __main_after_scatterload                 0x08000139   Thumb Code     0  entry5.o(.ARM.Collect$$$$00000004)
    _main_clock                              0x08000139   Thumb Code     0  entry7b.o(.ARM.Collect$$$$00000008)
    _main_cpp_init                           0x08000139   Thumb Code     0  entry8b.o(.ARM.Collect$$$$0000000A)
    _main_init                               0x08000139   Thumb Code     0  entry9a.o(.ARM.Collect$$$$0000000B)
    __rt_final_cpp                           0x08000141   Thumb Code     0  entry10a.o(.ARM.Collect$$$$0000000D)
    __rt_final_exit                          0x08000141   Thumb Code     0  entry11a.o(.ARM.Collect$$$$0000000F)
    SVC_Handler                              0x08000145   Thumb Code    32  port.o(.emb_text)
    __asm___6_port_c_39a90d8d__prvStartFirstTask 0x08000169   Thumb Code    28  port.o(.emb_text)
    PendSV_Handler                           0x08000189   Thumb Code    72  port.o(.emb_text)
    vPortGetIPSR                             0x080001d5   Thumb Code     6  port.o(.emb_text)
    Reset_Handler                            0x080001dd   Thumb Code     8  startup_stm32f103xe.o(.text)
    ADC1_2_IRQHandler                        0x080001f7   Thumb Code     0  startup_stm32f103xe.o(.text)
    ADC3_IRQHandler                          0x080001f7   Thumb Code     0  startup_stm32f103xe.o(.text)
    CAN1_RX1_IRQHandler                      0x080001f7   Thumb Code     0  startup_stm32f103xe.o(.text)
    CAN1_SCE_IRQHandler                      0x080001f7   Thumb Code     0  startup_stm32f103xe.o(.text)
    DMA1_Channel1_IRQHandler                 0x080001f7   Thumb Code     0  startup_stm32f103xe.o(.text)
    DMA1_Channel2_IRQHandler                 0x080001f7   Thumb Code     0  startup_stm32f103xe.o(.text)
    DMA1_Channel3_IRQHandler                 0x080001f7   Thumb Code     0  startup_stm32f103xe.o(.text)
    DMA2_Channel1_IRQHandler                 0x080001f7   Thumb Code     0  startup_stm32f103xe.o(.text)
    DMA2_Channel2_IRQHandler                 0x080001f7   Thumb Code     0  startup_stm32f103xe.o(.text)
    DMA2_Channel3_IRQHandler                 0x080001f7   Thumb Code     0  startup_stm32f103xe.o(.text)
    DMA2_Channel4_5_IRQHandler               0x080001f7   Thumb Code     0  startup_stm32f103xe.o(.text)
    EXTI0_IRQHandler                         0x080001f7   Thumb Code     0  startup_stm32f103xe.o(.text)
    EXTI15_10_IRQHandler                     0x080001f7   Thumb Code     0  startup_stm32f103xe.o(.text)
    EXTI1_IRQHandler                         0x080001f7   Thumb Code     0  startup_stm32f103xe.o(.text)
    EXTI2_IRQHandler                         0x080001f7   Thumb Code     0  startup_stm32f103xe.o(.text)
    EXTI3_IRQHandler                         0x080001f7   Thumb Code     0  startup_stm32f103xe.o(.text)
    EXTI4_IRQHandler                         0x080001f7   Thumb Code     0  startup_stm32f103xe.o(.text)
    EXTI9_5_IRQHandler                       0x080001f7   Thumb Code     0  startup_stm32f103xe.o(.text)
    FLASH_IRQHandler                         0x080001f7   Thumb Code     0  startup_stm32f103xe.o(.text)
    FSMC_IRQHandler                          0x080001f7   Thumb Code     0  startup_stm32f103xe.o(.text)
    I2C1_ER_IRQHandler                       0x080001f7   Thumb Code     0  startup_stm32f103xe.o(.text)
    I2C1_EV_IRQHandler                       0x080001f7   Thumb Code     0  startup_stm32f103xe.o(.text)
    I2C2_ER_IRQHandler                       0x080001f7   Thumb Code     0  startup_stm32f103xe.o(.text)
    I2C2_EV_IRQHandler                       0x080001f7   Thumb Code     0  startup_stm32f103xe.o(.text)
    PVD_IRQHandler                           0x080001f7   Thumb Code     0  startup_stm32f103xe.o(.text)
    RCC_IRQHandler                           0x080001f7   Thumb Code     0  startup_stm32f103xe.o(.text)
    RTC_Alarm_IRQHandler                     0x080001f7   Thumb Code     0  startup_stm32f103xe.o(.text)
    RTC_IRQHandler                           0x080001f7   Thumb Code     0  startup_stm32f103xe.o(.text)
    SDIO_IRQHandler                          0x080001f7   Thumb Code     0  startup_stm32f103xe.o(.text)
    SPI1_IRQHandler                          0x080001f7   Thumb Code     0  startup_stm32f103xe.o(.text)
    SPI2_IRQHandler                          0x080001f7   Thumb Code     0  startup_stm32f103xe.o(.text)
    SPI3_IRQHandler                          0x080001f7   Thumb Code     0  startup_stm32f103xe.o(.text)
    TAMPER_IRQHandler                        0x080001f7   Thumb Code     0  startup_stm32f103xe.o(.text)
    TIM1_BRK_IRQHandler                      0x080001f7   Thumb Code     0  startup_stm32f103xe.o(.text)
    TIM1_CC_IRQHandler                       0x080001f7   Thumb Code     0  startup_stm32f103xe.o(.text)
    TIM1_TRG_COM_IRQHandler                  0x080001f7   Thumb Code     0  startup_stm32f103xe.o(.text)
    TIM1_UP_IRQHandler                       0x080001f7   Thumb Code     0  startup_stm32f103xe.o(.text)
    TIM2_IRQHandler                          0x080001f7   Thumb Code     0  startup_stm32f103xe.o(.text)
    TIM3_IRQHandler                          0x080001f7   Thumb Code     0  startup_stm32f103xe.o(.text)
    TIM4_IRQHandler                          0x080001f7   Thumb Code     0  startup_stm32f103xe.o(.text)
    TIM5_IRQHandler                          0x080001f7   Thumb Code     0  startup_stm32f103xe.o(.text)
    TIM6_IRQHandler                          0x080001f7   Thumb Code     0  startup_stm32f103xe.o(.text)
    TIM7_IRQHandler                          0x080001f7   Thumb Code     0  startup_stm32f103xe.o(.text)
    TIM8_BRK_IRQHandler                      0x080001f7   Thumb Code     0  startup_stm32f103xe.o(.text)
    TIM8_CC_IRQHandler                       0x080001f7   Thumb Code     0  startup_stm32f103xe.o(.text)
    TIM8_TRG_COM_IRQHandler                  0x080001f7   Thumb Code     0  startup_stm32f103xe.o(.text)
    TIM8_UP_IRQHandler                       0x080001f7   Thumb Code     0  startup_stm32f103xe.o(.text)
    UART4_IRQHandler                         0x080001f7   Thumb Code     0  startup_stm32f103xe.o(.text)
    UART5_IRQHandler                         0x080001f7   Thumb Code     0  startup_stm32f103xe.o(.text)
    USART3_IRQHandler                        0x080001f7   Thumb Code     0  startup_stm32f103xe.o(.text)
    USBWakeUp_IRQHandler                     0x080001f7   Thumb Code     0  startup_stm32f103xe.o(.text)
    USB_HP_CAN1_TX_IRQHandler                0x080001f7   Thumb Code     0  startup_stm32f103xe.o(.text)
    USB_LP_CAN1_RX0_IRQHandler               0x080001f7   Thumb Code     0  startup_stm32f103xe.o(.text)
    WWDG_IRQHandler                          0x080001f7   Thumb Code     0  startup_stm32f103xe.o(.text)
    __aeabi_memcpy                           0x08000201   Thumb Code    36  memcpya.o(.text)
    __aeabi_memcpy4                          0x08000201   Thumb Code     0  memcpya.o(.text)
    __aeabi_memcpy8                          0x08000201   Thumb Code     0  memcpya.o(.text)
    __scatterload                            0x08000225   Thumb Code    28  init.o(.text)
    __scatterload_rt2                        0x08000225   Thumb Code     0  init.o(.text)
    BusFault_Handler                         0x08000249   Thumb Code     2  stm32f1xx_it.o(i.BusFault_Handler)
    Callback01                               0x0800024d   Thumb Code    10  main.o(i.Callback01)
    DMA1_Channel4_IRQHandler                 0x08000265   Thumb Code     6  stm32f1xx_it.o(i.DMA1_Channel4_IRQHandler)
    DMA1_Channel5_IRQHandler                 0x08000271   Thumb Code     6  stm32f1xx_it.o(i.DMA1_Channel5_IRQHandler)
    DMA1_Channel6_IRQHandler                 0x0800027d   Thumb Code     6  stm32f1xx_it.o(i.DMA1_Channel6_IRQHandler)
    DMA1_Channel7_IRQHandler                 0x08000289   Thumb Code     6  stm32f1xx_it.o(i.DMA1_Channel7_IRQHandler)
    DebugMon_Handler                         0x080002bf   Thumb Code     2  stm32f1xx_it.o(i.DebugMon_Handler)
    HAL_DMA_Abort_IT                         0x080002c1   Thumb Code   296  stm32f1xx_hal_dma.o(i.HAL_DMA_Abort_IT)
    HAL_DMA_IRQHandler                       0x080003f1   Thumb Code   552  stm32f1xx_hal_dma.o(i.HAL_DMA_IRQHandler)
    HAL_DMA_Init                             0x08000639   Thumb Code   120  stm32f1xx_hal_dma.o(i.HAL_DMA_Init)
    HAL_DMA_Start_IT                         0x080006bd   Thumb Code   112  stm32f1xx_hal_dma.o(i.HAL_DMA_Start_IT)
    HAL_Delay                                0x0800072d   Thumb Code    28  stm32f1xx_hal.o(i.HAL_Delay)
    HAL_GPIO_Init                            0x08000749   Thumb Code   446  stm32f1xx_hal_gpio.o(i.HAL_GPIO_Init)
    HAL_GPIO_WritePin                        0x08000931   Thumb Code    10  stm32f1xx_hal_gpio.o(i.HAL_GPIO_WritePin)
    HAL_GetTick                              0x0800093d   Thumb Code     6  stm32f1xx_hal.o(i.HAL_GetTick)
    HAL_IncTick                              0x08000949   Thumb Code    10  stm32f1xx_hal.o(i.HAL_IncTick)
    HAL_Init                                 0x08000959   Thumb Code    32  stm32f1xx_hal.o(i.HAL_Init)
    HAL_InitTick                             0x0800097d   Thumb Code    34  stm32f1xx_hal.o(i.HAL_InitTick)
    HAL_MspInit                              0x080009a5   Thumb Code   122  stm32f1xx_hal_msp.o(i.HAL_MspInit)
    HAL_NVIC_EnableIRQ                       0x08000a29   Thumb Code    22  stm32f1xx_hal_cortex.o(i.HAL_NVIC_EnableIRQ)
    HAL_NVIC_SetPriority                     0x08000a41   Thumb Code    60  stm32f1xx_hal_cortex.o(i.HAL_NVIC_SetPriority)
    HAL_NVIC_SetPriorityGrouping             0x08000a81   Thumb Code    26  stm32f1xx_hal_cortex.o(i.HAL_NVIC_SetPriorityGrouping)
    HAL_RCC_ClockConfig                      0x08000aa5   Thumb Code   322  stm32f1xx_hal_rcc.o(i.HAL_RCC_ClockConfig)
    HAL_RCC_GetHCLKFreq                      0x08000bf9   Thumb Code     6  stm32f1xx_hal_rcc.o(i.HAL_RCC_GetHCLKFreq)
    HAL_RCC_GetPCLK1Freq                     0x08000c05   Thumb Code    20  stm32f1xx_hal_rcc.o(i.HAL_RCC_GetPCLK1Freq)
    HAL_RCC_GetPCLK2Freq                     0x08000c25   Thumb Code    20  stm32f1xx_hal_rcc.o(i.HAL_RCC_GetPCLK2Freq)
    HAL_RCC_GetSysClockFreq                  0x08000c45   Thumb Code    74  stm32f1xx_hal_rcc.o(i.HAL_RCC_GetSysClockFreq)
    HAL_RCC_OscConfig                        0x08000cb1   Thumb Code   750  stm32f1xx_hal_rcc.o(i.HAL_RCC_OscConfig)
    HAL_SYSTICK_CLKSourceConfig              0x08000fb5   Thumb Code    24  stm32f1xx_hal_cortex.o(i.HAL_SYSTICK_CLKSourceConfig)
    HAL_SYSTICK_Config                       0x08000fcd   Thumb Code    40  stm32f1xx_hal_cortex.o(i.HAL_SYSTICK_Config)
    HAL_UART_ErrorCallback                   0x08000ff5   Thumb Code     2  stm32f1xx_hal_uart.o(i.HAL_UART_ErrorCallback)
    HAL_UART_IRQHandler                      0x08000ff9   Thumb Code   266  stm32f1xx_hal_uart.o(i.HAL_UART_IRQHandler)
    HAL_UART_Init                            0x08001109   Thumb Code    98  stm32f1xx_hal_uart.o(i.HAL_UART_Init)
    HAL_UART_MspInit                         0x0800116d   Thumb Code   344  stm32f1xx_hal_msp.o(i.HAL_UART_MspInit)
    HAL_UART_Receive_DMA                     0x08001305   Thumb Code   138  stm32f1xx_hal_uart.o(i.HAL_UART_Receive_DMA)
    HAL_UART_RxCpltCallback                  0x0800139d   Thumb Code     2  stm32f1xx_hal_uart.o(i.HAL_UART_RxCpltCallback)
    HAL_UART_RxHalfCpltCallback              0x0800139f   Thumb Code     2  stm32f1xx_hal_uart.o(i.HAL_UART_RxHalfCpltCallback)
    HAL_UART_TxCpltCallback                  0x080013a1   Thumb Code     2  stm32f1xx_hal_uart.o(i.HAL_UART_TxCpltCallback)
    HardFault_Handler                        0x080013a3   Thumb Code     2  stm32f1xx_it.o(i.HardFault_Handler)
    MemManage_Handler                        0x08001485   Thumb Code     2  stm32f1xx_it.o(i.MemManage_Handler)
    NMI_Handler                              0x08001487   Thumb Code     2  stm32f1xx_it.o(i.NMI_Handler)
    OLED_Clear                               0x080014a9   Thumb Code    60  oled.o(i.OLED_Clear)
    OLED_Init                                0x080014e5   Thumb Code   342  oled.o(i.OLED_Init)
    OLED_Set_Pos                             0x08001649   Thumb Code    44  oled.o(i.OLED_Set_Pos)
    OLED_ShowChar                            0x08001675   Thumb Code    94  oled.o(i.OLED_ShowChar)
    OLED_ShowString                          0x080016d9   Thumb Code    50  oled.o(i.OLED_ShowString)
    OLED_WR_Byte                             0x0800170d   Thumb Code   124  oled.o(i.OLED_WR_Byte)
    StartDefaultTask                         0x08001791   Thumb Code    12  main.o(i.StartDefaultTask)
    SysTick_Handler                          0x0800179d   Thumb Code    14  stm32f1xx_it.o(i.SysTick_Handler)
    SystemClock_Config                       0x080017ab   Thumb Code   102  main.o(i.SystemClock_Config)
    SystemInit                               0x08001811   Thumb Code    56  system_stm32f1xx.o(i.SystemInit)
    USART1_IRQHandler                        0x08001b91   Thumb Code    72  stm32f1xx_it.o(i.USART1_IRQHandler)
    USART2_IRQHandler                        0x08001be1   Thumb Code     6  stm32f1xx_it.o(i.USART2_IRQHandler)
    UsageFault_Handler                       0x08001bed   Thumb Code     2  stm32f1xx_it.o(i.UsageFault_Handler)
    _Error_Handler                           0x08001bef   Thumb Code     2  main.o(i._Error_Handler)
    __scatterload_copy                       0x08001bf1   Thumb Code    14  handlers.o(i.__scatterload_copy)
    __scatterload_null                       0x08001bff   Thumb Code     2  handlers.o(i.__scatterload_null)
    __scatterload_zeroinit                   0x08001c01   Thumb Code    14  handlers.o(i.__scatterload_zeroinit)
    init_gprs                                0x08001c1d   Thumb Code    68  gprs.o(i.init_gprs)
    main                                     0x08001c65   Thumb Code   286  main.o(i.main)
    osDelay                                  0x08001da9   Thumb Code    14  cmsis_os.o(i.osDelay)
    osKernelStart                            0x08001db7   Thumb Code    10  cmsis_os.o(i.osKernelStart)
    osMessageCreate                          0x08001dc1   Thumb Code     8  cmsis_os.o(i.osMessageCreate)
    osSystickHandler                         0x08001dc9   Thumb Code    20  cmsis_os.o(i.osSystickHandler)
    osThreadCreate                           0x08001ddd   Thumb Code    46  cmsis_os.o(i.osThreadCreate)
    osTimerCreate                            0x08001e0d   Thumb Code    30  cmsis_os.o(i.osTimerCreate)
    osTimerStart                             0x08001e31   Thumb Code    88  cmsis_os.o(i.osTimerStart)
    pvPortMalloc                             0x08002591   Thumb Code   210  heap_4.o(i.pvPortMalloc)
    pvTaskIncrementMutexHeldCount            0x08002669   Thumb Code    18  tasks.o(i.pvTaskIncrementMutexHeldCount)
    pxPortInitialiseStack                    0x08002681   Thumb Code    32  port.o(i.pxPortInitialiseStack)
    uxListRemove                             0x080026a5   Thumb Code    36  list.o(i.uxListRemove)
    vListInitialise                          0x080026c9   Thumb Code    22  list.o(i.vListInitialise)
    vListInitialiseItem                      0x080026df   Thumb Code     6  list.o(i.vListInitialiseItem)
    vListInsert                              0x080026e5   Thumb Code    48  list.o(i.vListInsert)
    vListInsertEnd                           0x08002715   Thumb Code    24  list.o(i.vListInsertEnd)
    vPortEnterCritical                       0x0800272d   Thumb Code    54  port.o(i.vPortEnterCritical)
    vPortExitCritical                        0x0800276d   Thumb Code    34  port.o(i.vPortExitCritical)
    vPortFree                                0x08002795   Thumb Code    88  heap_4.o(i.vPortFree)
    vPortSetupTimerInterrupt                 0x080027f1   Thumb Code    26  port.o(i.vPortSetupTimerInterrupt)
    vPortValidateInterruptPriority           0x08002811   Thumb Code    74  port.o(i.vPortValidateInterruptPriority)
    vQueueAddToRegistry                      0x08002865   Thumb Code    34  queue.o(i.vQueueAddToRegistry)
    vQueueWaitForMessageRestricted           0x0800288d   Thumb Code    68  queue.o(i.vQueueWaitForMessageRestricted)
    vTaskDelay                               0x080028d1   Thumb Code    66  tasks.o(i.vTaskDelay)
    vTaskMissedYield                         0x0800291d   Thumb Code     8  tasks.o(i.vTaskMissedYield)
    vTaskPlaceOnEventList                    0x08002929   Thumb Code    44  tasks.o(i.vTaskPlaceOnEventList)
    vTaskPlaceOnEventListRestricted          0x08002959   Thumb Code    52  tasks.o(i.vTaskPlaceOnEventListRestricted)
    vTaskPriorityInherit                     0x08002991   Thumb Code   124  tasks.o(i.vTaskPriorityInherit)
    vTaskSetTimeOutState                     0x08002a15   Thumb Code    30  tasks.o(i.vTaskSetTimeOutState)
    vTaskStartScheduler                      0x08002a39   Thumb Code    94  tasks.o(i.vTaskStartScheduler)
    vTaskSuspendAll                          0x08002aa9   Thumb Code    10  tasks.o(i.vTaskSuspendAll)
    vTaskSwitchContext                       0x08002ab9   Thumb Code    82  tasks.o(i.vTaskSwitchContext)
    xPortStartScheduler                      0x08002b15   Thumb Code   102  port.o(i.xPortStartScheduler)
    xPortSysTickHandler                      0x08002b89   Thumb Code    38  port.o(i.xPortSysTickHandler)
    xQueueGenericCreate                      0x08002bb5   Thumb Code    72  queue.o(i.xQueueGenericCreate)
    xQueueGenericReceive                     0x08002bfd   Thumb Code   360  queue.o(i.xQueueGenericReceive)
    xQueueGenericReset                       0x08002d69   Thumb Code   132  queue.o(i.xQueueGenericReset)
    xQueueGenericSend                        0x08002df1   Thumb Code   346  queue.o(i.xQueueGenericSend)
    xQueueGenericSendFromISR                 0x08002f51   Thumb Code   188  queue.o(i.xQueueGenericSendFromISR)
    xTaskCheckForTimeOut                     0x0800300d   Thumb Code   102  tasks.o(i.xTaskCheckForTimeOut)
    xTaskCreate                              0x08003079   Thumb Code    86  tasks.o(i.xTaskCreate)
    xTaskGetSchedulerState                   0x080030d1   Thumb Code    22  tasks.o(i.xTaskGetSchedulerState)
    xTaskGetTickCount                        0x080030ed   Thumb Code     6  tasks.o(i.xTaskGetTickCount)
    xTaskIncrementTick                       0x080030f9   Thumb Code   192  tasks.o(i.xTaskIncrementTick)
    xTaskPriorityDisinherit                  0x080031c1   Thumb Code   144  tasks.o(i.xTaskPriorityDisinherit)
    xTaskRemoveFromEventList                 0x08003259   Thumb Code   108  tasks.o(i.xTaskRemoveFromEventList)
    xTaskResumeAll                           0x080032cd   Thumb Code   182  tasks.o(i.xTaskResumeAll)
    xTimerCreate                             0x08003391   Thumb Code    78  timers.o(i.xTimerCreate)
    xTimerCreateTimerTask                    0x080033e1   Thumb Code    56  timers.o(i.xTimerCreateTimerTask)
    xTimerGenericCommand                     0x08003429   Thumb Code    92  timers.o(i.xTimerGenericCommand)
    F8X16                                    0x08003488   Data        1520  oled.o(.constdata)
    AHBPrescTable                            0x08003a98   Data          16  system_stm32f1xx.o(.constdata)
    APBPrescTable                            0x08003aa8   Data           8  system_stm32f1xx.o(.constdata)
    Region$$Table$$Base                      0x08003abc   Number         0  anon$$obj.o(Region$$Table)
    Region$$Table$$Limit                     0x08003adc   Number         0  anon$$obj.o(Region$$Table)
    uwTick                                   0x20000000   Data           4  stm32f1xx_hal.o(.data)
    arev_zigbee                              0x20000004   Data           1  main.o(.data)
    defaultTaskHandle                        0x20000008   Data           4  main.o(.data)
    myQueue01Handle                          0x2000000c   Data           4  main.o(.data)
    myTimer01Handle                          0x20000010   Data           4  main.o(.data)
    SystemCoreClock                          0x20000014   Data           4  system_stm32f1xx.o(.data)
    pxCurrentTCB                             0x20000050   Data           4  tasks.o(.data)
    RX_DATA                                  0x2000008c   Data         100  main.o(.bss)
    huart1                                   0x200000f0   Data          64  main.o(.bss)
    huart2                                   0x20000130   Data          64  main.o(.bss)
    hdma_usart1_rx                           0x20000170   Data          68  main.o(.bss)
    hdma_usart1_tx                           0x200001b4   Data          68  main.o(.bss)
    hdma_usart2_rx                           0x200001f8   Data          68  main.o(.bss)
    hdma_usart2_tx                           0x2000023c   Data          68  main.o(.bss)
    xQueueRegistry                           0x20000e80   Data          64  queue.o(.bss)
    __initial_sp                             0x200013d8   Data           0  startup_stm32f103xe.o(STACK)



==============================================================================

Memory Map of the image

  Image Entry point : 0x08000131

  Load Region LR_IROM1 (Base: 0x08000000, Size: 0x00003b68, Max: 0x00040000, ABSOLUTE)

    Execution Region ER_IROM1 (Base: 0x08000000, Size: 0x00003adc, Max: 0x00040000, ABSOLUTE)

    Base Addr    Size         Type   Attr      Idx    E Section Name        Object

    0x08000000   0x00000130   Data   RO         2974    RESET               startup_stm32f103xe.o
    0x08000130   0x00000000   Code   RO         2979  * .ARM.Collect$$$$00000000  mc_w.l(entry.o)
    0x08000130   0x00000004   Code   RO         2988    .ARM.Collect$$$$00000001  mc_w.l(entry2.o)
    0x08000134   0x00000004   Code   RO         2991    .ARM.Collect$$$$00000004  mc_w.l(entry5.o)
    0x08000138   0x00000000   Code   RO         2993    .ARM.Collect$$$$00000008  mc_w.l(entry7b.o)
    0x08000138   0x00000000   Code   RO         2995    .ARM.Collect$$$$0000000A  mc_w.l(entry8b.o)
    0x08000138   0x00000008   Code   RO         2996    .ARM.Collect$$$$0000000B  mc_w.l(entry9a.o)
    0x08000140   0x00000000   Code   RO         2998    .ARM.Collect$$$$0000000D  mc_w.l(entry10a.o)
    0x08000140   0x00000000   Code   RO         3000    .ARM.Collect$$$$0000000F  mc_w.l(entry11a.o)
    0x08000140   0x00000004   Code   RO         2989    .ARM.Collect$$$$00002712  mc_w.l(entry2.o)
    0x08000144   0x00000096   Code   RO         2392    .emb_text           port.o
    0x080001da   0x00000002   PAD
    0x080001dc   0x00000024   Code   RO         2975    .text               startup_stm32f103xe.o
    0x08000200   0x00000024   Code   RO         2984    .text               mc_w.l(memcpya.o)
    0x08000224   0x00000024   Code   RO         3002    .text               mc_w.l(init.o)
    0x08000248   0x00000002   Code   RO         1599    i.BusFault_Handler  stm32f1xx_it.o
    0x0800024a   0x00000002   PAD
    0x0800024c   0x00000018   Code   RO         1484    i.Callback01        main.o
    0x08000264   0x0000000c   Code   RO         1600    i.DMA1_Channel4_IRQHandler  stm32f1xx_it.o
    0x08000270   0x0000000c   Code   RO         1601    i.DMA1_Channel5_IRQHandler  stm32f1xx_it.o
    0x0800027c   0x0000000c   Code   RO         1602    i.DMA1_Channel6_IRQHandler  stm32f1xx_it.o
    0x08000288   0x0000000c   Code   RO         1603    i.DMA1_Channel7_IRQHandler  stm32f1xx_it.o
    0x08000294   0x0000002a   Code   RO          728    i.DMA_SetConfig     stm32f1xx_hal_dma.o
    0x080002be   0x00000002   Code   RO         1604    i.DebugMon_Handler  stm32f1xx_it.o
    0x080002c0   0x00000130   Code   RO          730    i.HAL_DMA_Abort_IT  stm32f1xx_hal_dma.o
    0x080003f0   0x00000248   Code   RO          734    i.HAL_DMA_IRQHandler  stm32f1xx_hal_dma.o
    0x08000638   0x00000084   Code   RO          735    i.HAL_DMA_Init      stm32f1xx_hal_dma.o
    0x080006bc   0x00000070   Code   RO          739    i.HAL_DMA_Start_IT  stm32f1xx_hal_dma.o
    0x0800072c   0x0000001c   Code   RO          389    i.HAL_Delay         stm32f1xx_hal.o
    0x08000748   0x000001e8   Code   RO          961    i.HAL_GPIO_Init     stm32f1xx_hal_gpio.o
    0x08000930   0x0000000a   Code   RO          965    i.HAL_GPIO_WritePin  stm32f1xx_hal_gpio.o
    0x0800093a   0x00000002   PAD
    0x0800093c   0x0000000c   Code   RO          393    i.HAL_GetTick       stm32f1xx_hal.o
    0x08000948   0x00000010   Code   RO          395    i.HAL_IncTick       stm32f1xx_hal.o
    0x08000958   0x00000024   Code   RO          396    i.HAL_Init          stm32f1xx_hal.o
    0x0800097c   0x00000028   Code   RO          397    i.HAL_InitTick      stm32f1xx_hal.o
    0x080009a4   0x00000084   Code   RO         1699    i.HAL_MspInit       stm32f1xx_hal_msp.o
    0x08000a28   0x00000016   Code   RO          843    i.HAL_NVIC_EnableIRQ  stm32f1xx_hal_cortex.o
    0x08000a3e   0x00000002   PAD
    0x08000a40   0x00000040   Code   RO          849    i.HAL_NVIC_SetPriority  stm32f1xx_hal_cortex.o
    0x08000a80   0x00000024   Code   RO          850    i.HAL_NVIC_SetPriorityGrouping  stm32f1xx_hal_cortex.o
    0x08000aa4   0x00000154   Code   RO          627    i.HAL_RCC_ClockConfig  stm32f1xx_hal_rcc.o
    0x08000bf8   0x0000000c   Code   RO          632    i.HAL_RCC_GetHCLKFreq  stm32f1xx_hal_rcc.o
    0x08000c04   0x00000020   Code   RO          634    i.HAL_RCC_GetPCLK1Freq  stm32f1xx_hal_rcc.o
    0x08000c24   0x00000020   Code   RO          635    i.HAL_RCC_GetPCLK2Freq  stm32f1xx_hal_rcc.o
    0x08000c44   0x0000006c   Code   RO          636    i.HAL_RCC_GetSysClockFreq  stm32f1xx_hal_rcc.o
    0x08000cb0   0x00000304   Code   RO          639    i.HAL_RCC_OscConfig  stm32f1xx_hal_rcc.o
    0x08000fb4   0x00000018   Code   RO          852    i.HAL_SYSTICK_CLKSourceConfig  stm32f1xx_hal_cortex.o
    0x08000fcc   0x00000028   Code   RO          854    i.HAL_SYSTICK_Config  stm32f1xx_hal_cortex.o
    0x08000ff4   0x00000002   Code   RO         1045    i.HAL_UART_ErrorCallback  stm32f1xx_hal_uart.o
    0x08000ff6   0x00000002   PAD
    0x08000ff8   0x00000110   Code   RO         1048    i.HAL_UART_IRQHandler  stm32f1xx_hal_uart.o
    0x08001108   0x00000062   Code   RO         1049    i.HAL_UART_Init     stm32f1xx_hal_uart.o
    0x0800116a   0x00000002   PAD
    0x0800116c   0x00000198   Code   RO         1701    i.HAL_UART_MspInit  stm32f1xx_hal_msp.o
    0x08001304   0x00000098   Code   RO         1053    i.HAL_UART_Receive_DMA  stm32f1xx_hal_uart.o
    0x0800139c   0x00000002   Code   RO         1055    i.HAL_UART_RxCpltCallback  stm32f1xx_hal_uart.o
    0x0800139e   0x00000002   Code   RO         1056    i.HAL_UART_RxHalfCpltCallback  stm32f1xx_hal_uart.o
    0x080013a0   0x00000002   Code   RO         1060    i.HAL_UART_TxCpltCallback  stm32f1xx_hal_uart.o
    0x080013a2   0x00000002   Code   RO         1605    i.HardFault_Handler  stm32f1xx_it.o
    0x080013a4   0x000000e0   Code   RO         1485    i.MX_GPIO_Init      main.o
    0x08001484   0x00000002   Code   RO         1606    i.MemManage_Handler  stm32f1xx_it.o
    0x08001486   0x00000002   Code   RO         1607    i.NMI_Handler       stm32f1xx_it.o
    0x08001488   0x00000020   Code   RO          856    i.NVIC_SetPriority  stm32f1xx_hal_cortex.o
    0x080014a8   0x0000003c   Code   RO         1350    i.OLED_Clear        oled.o
    0x080014e4   0x00000164   Code   RO         1354    i.OLED_Init         oled.o
    0x08001648   0x0000002c   Code   RO         1355    i.OLED_Set_Pos      oled.o
    0x08001674   0x00000064   Code   RO         1357    i.OLED_ShowChar     oled.o
    0x080016d8   0x00000032   Code   RO         1359    i.OLED_ShowString   oled.o
    0x0800170a   0x00000002   PAD
    0x0800170c   0x00000084   Code   RO         1360    i.OLED_WR_Byte      oled.o
    0x08001790   0x0000000c   Code   RO         1486    i.StartDefaultTask  main.o
    0x0800179c   0x0000000e   Code   RO         1608    i.SysTick_Handler   stm32f1xx_it.o
    0x080017aa   0x00000066   Code   RO         1487    i.SystemClock_Config  main.o
    0x08001810   0x00000048   Code   RO         1753    i.SystemInit        system_stm32f1xx.o
    0x08001858   0x00000010   Code   RO         1062    i.UART_DMAAbortOnError  stm32f1xx_hal_uart.o
    0x08001868   0x0000004a   Code   RO         1063    i.UART_DMAError     stm32f1xx_hal_uart.o
    0x080018b2   0x0000003c   Code   RO         1064    i.UART_DMAReceiveCplt  stm32f1xx_hal_uart.o
    0x080018ee   0x0000000a   Code   RO         1066    i.UART_DMARxHalfCplt  stm32f1xx_hal_uart.o
    0x080018f8   0x0000001c   Code   RO         1072    i.UART_EndRxTransfer  stm32f1xx_hal_uart.o
    0x08001914   0x00000012   Code   RO         1073    i.UART_EndTxTransfer  stm32f1xx_hal_uart.o
    0x08001926   0x00000096   Code   RO         1074    i.UART_Receive_IT   stm32f1xx_hal_uart.o
    0x080019bc   0x00000170   Code   RO         1075    i.UART_SetConfig    stm32f1xx_hal_uart.o
    0x08001b2c   0x00000062   Code   RO         1076    i.UART_Transmit_IT  stm32f1xx_hal_uart.o
    0x08001b8e   0x00000002   PAD
    0x08001b90   0x00000050   Code   RO         1609    i.USART1_IRQHandler  stm32f1xx_it.o
    0x08001be0   0x0000000c   Code   RO         1610    i.USART2_IRQHandler  stm32f1xx_it.o
    0x08001bec   0x00000002   Code   RO         1611    i.UsageFault_Handler  stm32f1xx_it.o
    0x08001bee   0x00000002   Code   RO         1488    i._Error_Handler    main.o
    0x08001bf0   0x0000000e   Code   RO         3006    i.__scatterload_copy  mc_w.l(handlers.o)
    0x08001bfe   0x00000002   Code   RO         3007    i.__scatterload_null  mc_w.l(handlers.o)
    0x08001c00   0x0000000e   Code   RO         3008    i.__scatterload_zeroinit  mc_w.l(handlers.o)
    0x08001c0e   0x0000000c   Code   RO         1859    i.inHandlerMode     cmsis_os.o
    0x08001c1a   0x00000002   PAD
    0x08001c1c   0x00000048   Code   RO         1453    i.init_gprs         gprs.o
    0x08001c64   0x00000138   Code   RO         1489    i.main              main.o
    0x08001d9c   0x0000000c   Code   RO         1861    i.makeFreeRtosPriority  cmsis_os.o
    0x08001da8   0x0000000e   Code   RO         1863    i.osDelay           cmsis_os.o
    0x08001db6   0x0000000a   Code   RO         1866    i.osKernelStart     cmsis_os.o
    0x08001dc0   0x00000008   Code   RO         1875    i.osMessageCreate   cmsis_os.o
    0x08001dc8   0x00000014   Code   RO         1899    i.osSystickHandler  cmsis_os.o
    0x08001ddc   0x0000002e   Code   RO         1900    i.osThreadCreate    cmsis_os.o
    0x08001e0a   0x00000002   PAD
    0x08001e0c   0x00000024   Code   RO         1911    i.osTimerCreate     cmsis_os.o
    0x08001e30   0x0000005c   Code   RO         1913    i.osTimerStart      cmsis_os.o
    0x08001e8c   0x00000070   Code   RO         2687    i.prvAddCurrentTaskToDelayedList  tasks.o
    0x08001efc   0x000000d0   Code   RO         2688    i.prvAddNewTaskToReadyList  tasks.o
    0x08001fcc   0x00000050   Code   RO         2538    i.prvCheckForValidListAndQueue  timers.o
    0x0800201c   0x00000050   Code   RO         2689    i.prvCheckTasksWaitingTermination  tasks.o
    0x0800206c   0x00000026   Code   RO         2235    i.prvCopyDataFromQueue  queue.o
    0x08002092   0x0000006c   Code   RO         2236    i.prvCopyDataToQueue  queue.o
    0x080020fe   0x00000014   Code   RO         2690    i.prvDeleteTCB      tasks.o
    0x08002112   0x00000002   PAD
    0x08002114   0x0000004c   Code   RO         1787    i.prvHeapInit       heap_4.o
    0x08002160   0x00000028   Code   RO         2691    i.prvIdleTask       tasks.o
    0x08002188   0x0000008e   Code   RO         2692    i.prvInitialiseNewTask  tasks.o
    0x08002216   0x00000002   PAD
    0x08002218   0x0000004c   Code   RO         1788    i.prvInsertBlockIntoFreeList  heap_4.o
    0x08002264   0x00000038   Code   RO         2539    i.prvInsertTimerInActiveList  timers.o
    0x0800229c   0x0000001c   Code   RO         2237    i.prvIsQueueEmpty   queue.o
    0x080022b8   0x000000b8   Code   RO         2540    i.prvProcessReceivedCommands  timers.o
    0x08002370   0x000000b4   Code   RO         2541    i.prvProcessTimerOrBlockTask  timers.o
    0x08002424   0x00000020   Code   RO         2693    i.prvResetNextTaskUnblockTime  tasks.o
    0x08002444   0x00000028   Code   RO         2542    i.prvSampleTimeNow  timers.o
    0x0800246c   0x0000006c   Code   RO         2543    i.prvSwitchTimerLists  timers.o
    0x080024d8   0x00000028   Code   RO         2393    i.prvTaskExitError  port.o
    0x08002500   0x00000024   Code   RO         2544    i.prvTimerTask      timers.o
    0x08002524   0x0000006a   Code   RO         2238    i.prvUnlockQueue    queue.o
    0x0800258e   0x00000002   PAD
    0x08002590   0x000000d8   Code   RO         1789    i.pvPortMalloc      heap_4.o
    0x08002668   0x00000018   Code   RO         2695    i.pvTaskIncrementMutexHeldCount  tasks.o
    0x08002680   0x00000024   Code   RO         2394    i.pxPortInitialiseStack  port.o
    0x080026a4   0x00000024   Code   RO         2650    i.uxListRemove      list.o
    0x080026c8   0x00000016   Code   RO         2651    i.vListInitialise   list.o
    0x080026de   0x00000006   Code   RO         2652    i.vListInitialiseItem  list.o
    0x080026e4   0x00000030   Code   RO         2653    i.vListInsert       list.o
    0x08002714   0x00000018   Code   RO         2654    i.vListInsertEnd    list.o
    0x0800272c   0x00000040   Code   RO         2396    i.vPortEnterCritical  port.o
    0x0800276c   0x00000028   Code   RO         2397    i.vPortExitCritical  port.o
    0x08002794   0x0000005c   Code   RO         1790    i.vPortFree         heap_4.o
    0x080027f0   0x00000020   Code   RO         2398    i.vPortSetupTimerInterrupt  port.o
    0x08002810   0x00000054   Code   RO         2399    i.vPortValidateInterruptPriority  port.o
    0x08002864   0x00000028   Code   RO         2242    i.vQueueAddToRegistry  queue.o
    0x0800288c   0x00000044   Code   RO         2245    i.vQueueWaitForMessageRestricted  queue.o
    0x080028d0   0x0000004c   Code   RO         2701    i.vTaskDelay        tasks.o
    0x0800291c   0x0000000c   Code   RO         2704    i.vTaskMissedYield  tasks.o
    0x08002928   0x00000030   Code   RO         2706    i.vTaskPlaceOnEventList  tasks.o
    0x08002958   0x00000038   Code   RO         2707    i.vTaskPlaceOnEventListRestricted  tasks.o
    0x08002990   0x00000084   Code   RO         2709    i.vTaskPriorityInherit  tasks.o
    0x08002a14   0x00000024   Code   RO         2712    i.vTaskSetTimeOutState  tasks.o
    0x08002a38   0x00000070   Code   RO         2713    i.vTaskStartScheduler  tasks.o
    0x08002aa8   0x00000010   Code   RO         2715    i.vTaskSuspendAll   tasks.o
    0x08002ab8   0x0000005c   Code   RO         2716    i.vTaskSwitchContext  tasks.o
    0x08002b14   0x00000074   Code   RO         2400    i.xPortStartScheduler  port.o
    0x08002b88   0x0000002c   Code   RO         2401    i.xPortSysTickHandler  port.o
    0x08002bb4   0x00000048   Code   RO         2247    i.xQueueGenericCreate  queue.o
    0x08002bfc   0x0000016c   Code   RO         2248    i.xQueueGenericReceive  queue.o
    0x08002d68   0x00000088   Code   RO         2249    i.xQueueGenericReset  queue.o
    0x08002df0   0x00000160   Code   RO         2250    i.xQueueGenericSend  queue.o
    0x08002f50   0x000000bc   Code   RO         2251    i.xQueueGenericSendFromISR  queue.o
    0x0800300c   0x0000006c   Code   RO         2717    i.xTaskCheckForTimeOut  tasks.o
    0x08003078   0x00000056   Code   RO         2718    i.xTaskCreate       tasks.o
    0x080030ce   0x00000002   PAD
    0x080030d0   0x0000001c   Code   RO         2722    i.xTaskGetSchedulerState  tasks.o
    0x080030ec   0x0000000c   Code   RO         2723    i.xTaskGetTickCount  tasks.o
    0x080030f8   0x000000c8   Code   RO         2725    i.xTaskIncrementTick  tasks.o
    0x080031c0   0x00000098   Code   RO         2728    i.xTaskPriorityDisinherit  tasks.o
    0x08003258   0x00000074   Code   RO         2729    i.xTaskRemoveFromEventList  tasks.o
    0x080032cc   0x000000c4   Code   RO         2731    i.xTaskResumeAll    tasks.o
    0x08003390   0x0000004e   Code   RO         2547    i.xTimerCreate      timers.o
    0x080033de   0x00000002   PAD
    0x080033e0   0x00000048   Code   RO         2548    i.xTimerCreateTimerTask  timers.o
    0x08003428   0x00000060   Code   RO         2549    i.xTimerGenericCommand  timers.o
    0x08003488   0x000005f0   Data   RO         1363    .constdata          oled.o
    0x08003a78   0x00000020   Data   RO         1495    .constdata          main.o
    0x08003a98   0x00000010   Data   RO         1754    .constdata          system_stm32f1xx.o
    0x08003aa8   0x00000008   Data   RO         1755    .constdata          system_stm32f1xx.o
    0x08003ab0   0x0000000c   Data   RO         1496    .conststring        main.o
    0x08003abc   0x00000020   Data   RO         3004    Region$$Table       anon$$obj.o


    Execution Region RW_IRAM1 (Base: 0x20000000, Size: 0x000013d8, Max: 0x0000c000, ABSOLUTE)

    Base Addr    Size         Type   Attr      Idx    E Section Name        Object

    0x20000000   0x00000004   Data   RW          402    .data               stm32f1xx_hal.o
    0x20000004   0x00000010   Data   RW         1497    .data               main.o
    0x20000014   0x00000004   Data   RW         1756    .data               system_stm32f1xx.o
    0x20000018   0x00000018   Data   RW         1795    .data               heap_4.o
    0x20000030   0x0000000c   Data   RW         2402    .data               port.o
    0x2000003c   0x00000014   Data   RW         2555    .data               timers.o
    0x20000050   0x0000003c   Data   RW         2734    .data               tasks.o
    0x2000008c   0x000000e4   Zero   RW         1490    .bss                main.o
    0x20000170   0x00000044   Zero   RW         1491    .bss                main.o
    0x200001b4   0x00000044   Zero   RW         1492    .bss                main.o
    0x200001f8   0x00000044   Zero   RW         1493    .bss                main.o
    0x2000023c   0x00000044   Zero   RW         1494    .bss                main.o
    0x20000280   0x00000c00   Zero   RW         1794    .bss                heap_4.o
    0x20000e80   0x00000040   Zero   RW         2257    .bss                queue.o
    0x20000ec0   0x00000028   Zero   RW         2554    .bss                timers.o
    0x20000ee8   0x000000f0   Zero   RW         2733    .bss                tasks.o
    0x20000fd8   0x00000400   Zero   RW         2972    STACK               startup_stm32f103xe.o


==============================================================================

Image component sizes


      Code (inc. data)   RO Data    RW Data    ZI Data      Debug   Object Name

       250         10          0          0          0      16997   cmsis_os.o
        72          4          0          0          0        448   gprs.o
       460         24          0         24       3072      14007   heap_4.o
       136          0          0          0          0       3214   list.o
       676         58         44         16        500      25417   main.o
       742         28       1520          0          0       5003   oled.o
       606         72          0         12          0      10937   port.o
      1500         20          0          0         64      20189   queue.o
        36          8        304          0       1024        764   startup_stm32f103xe.o
       132         22          0          4          0       3607   stm32f1xx_hal.o
       218         14          0          0          0      25973   stm32f1xx_hal_cortex.o
      1174         52          0          0          0       4002   stm32f1xx_hal_dma.o
         0          0          0          0          0     449640   stm32f1xx_hal_flash_ex.o
       498         42          0          0          0       2544   stm32f1xx_hal_gpio.o
       540         74          0          0          0       1883   stm32f1xx_hal_msp.o
      1296        104          0          0          0       5408   stm32f1xx_hal_rcc.o
      1352         24          0          0          0      10076   stm32f1xx_hal_uart.o
       166         38          0          0          0       6587   stm32f1xx_it.o
        72         16         24          4          0       1151   system_stm32f1xx.o
      2136        182          0         60        240      21763   tasks.o
       930         78          0         20         40       9618   timers.o

    ----------------------------------------------------------------------
     13022        870       1924        140       4940     639228   Object Totals
         0          0         32          0          0          0   (incl. Generated)
        30          0          0          0          0          0   (incl. Padding)

    ----------------------------------------------------------------------

      Code (inc. data)   RO Data    RW Data    ZI Data      Debug   Library Member Name

         0          0          0          0          0          0   entry.o
         0          0          0          0          0          0   entry10a.o
         0          0          0          0          0          0   entry11a.o
         8          4          0          0          0          0   entry2.o
         4          0          0          0          0          0   entry5.o
         0          0          0          0          0          0   entry7b.o
         0          0          0          0          0          0   entry8b.o
         8          4          0          0          0          0   entry9a.o
        30          0          0          0          0          0   handlers.o
        36          8          0          0          0         68   init.o
        36          0          0          0          0         68   memcpya.o

    ----------------------------------------------------------------------
       122         16          0          0          0        136   Library Totals
         0          0          0          0          0          0   (incl. Padding)

    ----------------------------------------------------------------------

      Code (inc. data)   RO Data    RW Data    ZI Data      Debug   Library Name

       122         16          0          0          0        136   mc_w.l

    ----------------------------------------------------------------------
       122         16          0          0          0        136   Library Totals

    ----------------------------------------------------------------------

==============================================================================


      Code (inc. data)   RO Data    RW Data    ZI Data      Debug   

     13144        886       1924        140       4940     632392   Grand Totals
     13144        886       1924        140       4940     632392   ELF Image Totals
     13144        886       1924        140          0          0   ROM Totals

==============================================================================

    Total RO  Size (Code + RO Data)                15068 (  14.71kB)
    Total RW  Size (RW Data + ZI Data)              5080 (   4.96kB)
    Total ROM Size (Code + RO Data + RW Data)      15208 (  14.85kB)

==============================================================================

